<html>
<body>
<pre>
<h1>礦ision Build Log</h1>
<h2>Tool Versions:</h2>
IDE-Version: μVision V5.14.0.0
Copyright (C) 2015 ARM Ltd and ARM Germany GmbH. All rights reserved.
License Information: fsdgsdv AutoBVT, Microsoft, LIC=DSNNN-YUITZ-UKPB6-D3EXU-CVLY4-PB1SL
 
Tool Versions:
Toolchain:       MDK-ARM Professional  Version: 5.14.0.0
Toolchain Path:  E:\keil 5\ARM\ARMCC\Bin
C Compiler:      Armcc.exe V5.05 update 1 (build 106)
Assembler:       Armasm.exe V5.05 update 1 (build 106)
Linker/Locator:  ArmLink.exe V5.05 update 1 (build 106)
Library Manager: ArmAr.exe V5.05 update 1 (build 106)
Hex Converter:   FromElf.exe V5.05 update 1 (build 106)
CPU DLL:         SARMCM3.DLL V5.14.0.0
Dialog DLL:      DARMSTM.DLL V1.65.0.0
Target DLL:      Segger\JL2CM3.dll V2.99.13.0
Dialog DLL:      TARMSTM.DLL V1.64.0.0
 
<h2>Project:</h2>
G:\产品\A小四轴\ZIN-7\ZIN7改进版\程序\上架\主控(keil MDK打开)+外扩激光+光流\主控程序(keil MDK打开)+外扩激光+光流\mini.uvprojx
Project File Date:  05/19/2023

<h2>Output:</h2>
Build target 'Target 1'
compiling core_cm3.c...
compiling system_stm32f10x.c...
assembling startup_stm32f10x_md.s...
compiling stm32f10x_it.c...
compiling main.c...
compiling delay.c...
compiling sys.c...
compiling scheduler.c...
compiling INIT.c...
compiling misc.c...
compiling stm32f10x_adc.c...
compiling stm32f10x_bkp.c...
compiling stm32f10x_can.c...
compiling stm32f10x_cec.c...
compiling stm32f10x_crc.c...
compiling stm32f10x_dac.c...
compiling stm32f10x_dbgmcu.c...
compiling stm32f10x_dma.c...
compiling stm32f10x_exti.c...
compiling stm32f10x_flash.c...
compiling stm32f10x_fsmc.c...
compiling stm32f10x_gpio.c...
compiling stm32f10x_i2c.c...
compiling stm32f10x_iwdg.c...
compiling stm32f10x_pwr.c...
compiling stm32f10x_rcc.c...
compiling stm32f10x_rtc.c...
compiling stm32f10x_sdio.c...
compiling stm32f10x_spi.c...
compiling stm32f10x_tim.c...
compiling stm32f10x_usart.c...
compiling stm32f10x_wwdg.c...
compiling IIC_SOFTWARE.c...
compiling USART.c...
compiling GPIO.c...
compiling TIM.c...
compiling ADC.c...
compiling Spi.c...
compiling USB_HID.c...
CONFIG\USB_HID.c(31): warning:  #188-D: enumerated type mixed with another type
        USB_Connect(0);//软件或者硬件重启usb
CONFIG\USB_HID.c(33): warning:  #188-D: enumerated type mixed with another type
        USB_Connect(1);
CONFIG\USB_HID.c: 2 warnings, 0 errors
compiling FLASH.c...
compiling LED.c...
compiling nrf24l01.c...
compiling mpu6050.c...
compiling flow.c...
compiling ANO_DT.c...
compiling remote.c...
compiling control.c...
compiling filter.c...
compiling kalman.c...
compiling imu.c...
compiling myMath.c...
compiling pid.c...
compiling usb_core.c...
compiling usb_init.c...
compiling usb_int.c...
compiling usb_mem.c...
compiling usb_regs.c...
compiling usb_config.c...
compiling usb_desc.c...
compiling usb_endp.c...
compiling usb_istr.c...
compiling usb_prop.c...
compiling usb_pwr.c...
linking...
Program Size: Code=26808 RO-data=552 RW-data=680 ZI-data=2248  
FromELF: creating hex file...
".\Output\mini.axf" - 0 Error(s), 2 Warning(s).

<h2>Collection of Component include folders:</h2>
  G:\产品\A小四轴\ZIN-7\ZIN7改进版\程序\上架\主控(keil MDK打开)+外扩激光+光流\主控程序(keil MDK打开)+外扩激光+光流\RTE
  E:\keil 5\ARM\PACK\Keil\STM32F1xx_DFP\1.0.5\Device\Include

<h2>Collection of Component Files used:</h2>
</pre>
</body>
</html>
