Component: ARM Compiler 5.05 update 1 (build 106) Tool: armlink [4d0efa]

==============================================================================

Section Cross References

    system_stm32f10x.o(i.SetSysClock) refers to system_stm32f10x.o(i.SetSysClockTo72) for SetSysClockTo72
    system_stm32f10x.o(i.SystemCoreClockUpdate) refers to system_stm32f10x.o(.data) for SystemCoreClock
    system_stm32f10x.o(i.SystemInit) refers to system_stm32f10x.o(i.SetSysClock) for SetSysClock
    startup_stm32f10x_md.o(RESET) refers to startup_stm32f10x_md.o(STACK) for __initial_sp
    startup_stm32f10x_md.o(RESET) refers to startup_stm32f10x_md.o(.text) for Reset_Handler
    startup_stm32f10x_md.o(RESET) refers to stm32f10x_it.o(i.NMI_Handler) for NMI_Handler
    startup_stm32f10x_md.o(RESET) refers to stm32f10x_it.o(i.HardFault_Handler) for HardFault_Handler
    startup_stm32f10x_md.o(RESET) refers to stm32f10x_it.o(i.MemManage_Handler) for MemManage_Handler
    startup_stm32f10x_md.o(RESET) refers to stm32f10x_it.o(i.BusFault_Handler) for BusFault_Handler
    startup_stm32f10x_md.o(RESET) refers to stm32f10x_it.o(i.UsageFault_Handler) for UsageFault_Handler
    startup_stm32f10x_md.o(RESET) refers to stm32f10x_it.o(i.SVC_Handler) for SVC_Handler
    startup_stm32f10x_md.o(RESET) refers to stm32f10x_it.o(i.DebugMon_Handler) for DebugMon_Handler
    startup_stm32f10x_md.o(RESET) refers to stm32f10x_it.o(i.PendSV_Handler) for PendSV_Handler
    startup_stm32f10x_md.o(RESET) refers to delay.o(i.SysTick_Handler) for SysTick_Handler
    startup_stm32f10x_md.o(RESET) refers to stm32f10x_it.o(i.USB_LP_CAN1_RX0_IRQHandler) for USB_LP_CAN1_RX0_IRQHandler
    startup_stm32f10x_md.o(RESET) refers to scheduler.o(i.TIM1_UP_IRQHandler) for TIM1_UP_IRQHandler
    startup_stm32f10x_md.o(.text) refers to system_stm32f10x.o(i.SystemInit) for SystemInit
    startup_stm32f10x_md.o(.text) refers to entry.o(.ARM.Collect$$$$00000000) for __main
    stm32f10x_it.o(i.USB_LP_CAN1_RX0_IRQHandler) refers to usb_istr.o(i.USB_Istr) for USB_Istr
    main.o(i.main) refers to delay.o(i.cycleCounterInit) for cycleCounterInit
    main.o(i.main) refers to misc.o(i.NVIC_PriorityGroupConfig) for NVIC_PriorityGroupConfig
    main.o(i.main) refers to init.o(i.ALL_Init) for ALL_Init
    main.o(i.main) refers to ano_dt.o(i.ANTO_polling) for ANTO_polling
    main.o(i.main) refers to led.o(i.PilotLED) for PilotLED
    main.o(i.main) refers to system_stm32f10x.o(.data) for SystemCoreClock
    delay.o(i.GetSysTime_us) refers to init.o(.data) for SysTick_count
    delay.o(i.SysTick_Handler) refers to init.o(.data) for SysTick_count
    delay.o(i.cycleCounterInit) refers to system_stm32f10x.o(.data) for SystemCoreClock
    delay.o(i.delay_ms) refers to delay.o(i.GetSysTime_us) for GetSysTime_us
    scheduler.o(i.TIM1_UP_IRQHandler) refers to stm32f10x_tim.o(i.TIM_GetITStatus) for TIM_GetITStatus
    scheduler.o(i.TIM1_UP_IRQHandler) refers to flow.o(i.flow_data_sins) for flow_data_sins
    scheduler.o(i.TIM1_UP_IRQHandler) refers to control.o(i.FlowPidControl) for FlowPidControl
    scheduler.o(i.TIM1_UP_IRQHandler) refers to mpu6050.o(i.MpuGetData) for MpuGetData
    scheduler.o(i.TIM1_UP_IRQHandler) refers to remote.o(i.RC_Analy) for RC_Analy
    scheduler.o(i.TIM1_UP_IRQHandler) refers to control.o(i.FlightPidControl) for FlightPidControl
    scheduler.o(i.TIM1_UP_IRQHandler) refers to control.o(i.MotorControl) for MotorControl
    scheduler.o(i.TIM1_UP_IRQHandler) refers to imu.o(i.GetAngle) for GetAngle
    scheduler.o(i.TIM1_UP_IRQHandler) refers to control.o(i.HeightPidControl) for HeightPidControl
    scheduler.o(i.TIM1_UP_IRQHandler) refers to flow.o(i.flow_get_data) for flow_get_data
    scheduler.o(i.TIM1_UP_IRQHandler) refers to stm32f10x_tim.o(i.TIM_ClearITPendingBit) for TIM_ClearITPendingBit
    scheduler.o(i.TIM1_UP_IRQHandler) refers to init.o(.data) for SysTick_count
    scheduler.o(i.TIM1_UP_IRQHandler) refers to scheduler.o(.data) for cnt_3ms
    scheduler.o(i.TIM1_UP_IRQHandler) refers to init.o(.bss) for Angle
    init.o(i.ALL_Init) refers to delay.o(i.delay_ms) for delay_ms
    init.o(i.ALL_Init) refers to usb_hid.o(i.USB_HID_Init) for USB_HID_Init
    init.o(i.ALL_Init) refers to iic_software.o(i.IIC_Init) for IIC_Init
    init.o(i.ALL_Init) refers to init.o(i.pid_param_Init) for pid_param_Init
    init.o(i.ALL_Init) refers to mpu6050.o(i.MpuInit) for MpuInit
    init.o(i.ALL_Init) refers to usart.o(i.USART1_Config) for USART1_Config
    init.o(i.ALL_Init) refers to nrf24l01.o(i.NRF24L01_init) for NRF24L01_init
    init.o(i.ALL_Init) refers to tim.o(i.TIM2_PWM_Config) for TIM2_PWM_Config
    init.o(i.ALL_Init) refers to tim.o(i.TIM3_PWM_Config) for TIM3_PWM_Config
    init.o(i.ALL_Init) refers to tim.o(i.TIM1_Config) for TIM1_Config
    init.o(i.pid_param_Init) refers to init.o(.bss) for pidRateX
[...]
    I2c_Stop                                 0x08002ea9   Thumb Code   152  iic_software.o(i.I2c_Stop)
    i.I2c_WaitAck                            0x08002f44   Section        0  iic_software.o(i.I2c_WaitAck)
    I2c_WaitAck                              0x08002f45   Thumb Code   176  iic_software.o(i.I2c_WaitAck)
    i.IIC_Init                               0x08002ff8   Section        0  iic_software.o(i.IIC_Init)
    i.IIC_Read_One_Byte                      0x08003024   Section        0  iic_software.o(i.IIC_Read_One_Byte)
    i.IIC_Write_One_Byte                     0x08003088   Section        0  iic_software.o(i.IIC_Write_One_Byte)
    i.IIC_read_Bytes                         0x080030cc   Section        0  iic_software.o(i.IIC_read_Bytes)
    i.In0_Process                            0x08003158   Section        0  usb_core.o(i.In0_Process)
    i.Leave_LowPowerMode                     0x080031c8   Section        0  usb_config.o(i.Leave_LowPowerMode)
    i.MemManage_Handler                      0x080031e8   Section        0  stm32f10x_it.o(i.MemManage_Handler)
    i.MotorControl                           0x080031ec   Section        0  control.o(i.MotorControl)
    i.MpuGetData                             0x080034f0   Section        0  mpu6050.o(i.MpuGetData)
    i.MpuInit                                0x080035e4   Section        0  mpu6050.o(i.MpuInit)
    i.NMI_Handler                            0x08003668   Section        0  stm32f10x_it.o(i.NMI_Handler)
    i.NOP_Process                            0x0800366a   Section        0  usb_core.o(i.NOP_Process)
    i.NRF24L01_Check                         0x0800366c   Section        0  nrf24l01.o(i.NRF24L01_Check)
    i.NRF24L01_Configuration                 0x080036b8   Section        0  nrf24l01.o(i.NRF24L01_Configuration)
    i.NRF24L01_Read_Buf                      0x08003724   Section        0  nrf24l01.o(i.NRF24L01_Read_Buf)
    i.NRF24L01_Read_Reg                      0x08003768   Section        0  nrf24l01.o(i.NRF24L01_Read_Reg)
    i.NRF24L01_RxPacket                      0x08003794   Section        0  nrf24l01.o(i.NRF24L01_RxPacket)
    i.NRF24L01_Write_Buf                     0x080037c8   Section        0  nrf24l01.o(i.NRF24L01_Write_Buf)
    i.NRF24L01_Write_Reg                     0x0800380c   Section        0  nrf24l01.o(i.NRF24L01_Write_Reg)
    i.NRF24L01_init                          0x0800383c   Section        0  nrf24l01.o(i.NRF24L01_init)
    i.NVIC_Init                              0x08003854   Section        0  misc.o(i.NVIC_Init)
    i.NVIC_PriorityGroupConfig               0x080038c4   Section        0  misc.o(i.NVIC_PriorityGroupConfig)
    i.NoData_Setup0                          0x080038d8   Section        0  usb_core.o(i.NoData_Setup0)
    NoData_Setup0                            0x080038d9   Thumb Code   302  usb_core.o(i.NoData_Setup0)
    i.Out0_Process                           0x08003a1c   Section        0  usb_core.o(i.Out0_Process)
    i.PMAToUserBufferCopy                    0x08003a6c   Section        0  usb_mem.o(i.PMAToUserBufferCopy)
    i.PendSV_Handler                         0x08003a94   Section        0  stm32f10x_it.o(i.PendSV_Handler)
    i.PilotLED                               0x08003a98   Section        0  led.o(i.PilotLED)
    i.Post0_Process                          0x08003bb4   Section        0  usb_core.o(i.Post0_Process)
    i.PowerOn                                0x08003bfc   Section        0  usb_pwr.o(i.PowerOn)
    i.Q_rsqrt                                0x08003c3c   Section        0  mymath.o(i.Q_rsqrt)
    i.RCC_APB1PeriphClockCmd                 0x08003c8c   Section        0  stm32f10x_rcc.o(i.RCC_APB1PeriphClockCmd)
    i.RCC_APB2PeriphClockCmd                 0x08003cac   Section        0  stm32f10x_rcc.o(i.RCC_APB2PeriphClockCmd)
    i.RCC_GetClocksFreq                      0x08003ccc   Section        0  stm32f10x_rcc.o(i.RCC_GetClocksFreq)
    i.RCC_USBCLKConfig                       0x08003da0   Section        0  stm32f10x_rcc.o(i.RCC_USBCLKConfig)
    i.RC_Analy                               0x08003dac   Section        0  remote.o(i.RC_Analy)
    i.RX_Mode                                0x080040d0   Section        0  nrf24l01.o(i.RX_Mode)
    i.Resume                                 0x08004128   Section        0  usb_pwr.o(i.Resume)
    i.Resume_Init                            0x080041d8   Section        0  usb_pwr.o(i.Resume_Init)
    i.SPI_Config                             0x080041fc   Section        0  spi.o(i.SPI_Config)
    i.SPI_RW                                 0x08004268   Section        0  spi.o(i.SPI_RW)
    i.SVC_Handler                            0x080042cc   Section        0  stm32f10x_it.o(i.SVC_Handler)
    i.SetBTABLE                              0x080042d0   Section        0  usb_regs.o(i.SetBTABLE)
    i.SetDeviceAddress                       0x080042e0   Section        0  usb_core.o(i.SetDeviceAddress)
    i.SetEPRxAddr                            0x0800432c   Section        0  usb_regs.o(i.SetEPRxAddr)
    i.SetEPRxCount                           0x08004350   Section        0  usb_regs.o(i.SetEPRxCount)
    i.SetEPRxStatus                          0x0800439c   Section        0  usb_regs.o(i.SetEPRxStatus)
    i.SetEPRxValid                           0x080043d4   Section        0  usb_regs.o(i.SetEPRxValid)
    i.SetEPTxAddr                            0x08004400   Section        0  usb_regs.o(i.SetEPTxAddr)
    i.SetEPTxCount                           0x08004420   Section        0  usb_regs.o(i.SetEPTxCount)
    i.SetEPTxStatus                          0x0800443c   Section        0  usb_regs.o(i.SetEPTxStatus)
    i.SetEPTxValid                           0x08004474   Section        0  usb_regs.o(i.SetEPTxValid)
    i.SetEPType                              0x080044a0   Section        0  usb_regs.o(i.SetEPType)
    i.SetSysClock                            0x080044c4   Section        0  system_stm32f10x.o(i.SetSysClock)
    SetSysClock                              0x080044c5   Thumb Code     8  system_stm32f10x.o(i.SetSysClock)
    i.SetSysClockTo72                        0x080044cc   Section        0  system_stm32f10x.o(i.SetSysClockTo72)
    SetSysClockTo72                          0x080044cd   Thumb Code   214  system_stm32f10x.o(i.SetSysClockTo72)
    i.Set_USBClock                           0x080045ac   Section        0  usb_config.o(i.Set_USBClock)
    i.Setup0_Process                         0x080045c0   Section        0  usb_core.o(i.Setup0_Process)
    i.Standard_ClearFeature                  0x08004670   Section        0  usb_core.o(i.Standard_ClearFeature)
    i.Standard_GetConfiguration              0x080047cc   Section        0  usb_core.o(i.Standard_GetConfiguration)
    i.Standard_GetDescriptorData             0x080047f8   Section        0  usb_core.o(i.Standard_GetDescriptorData)
    i.Standard_GetInterface                  0x0800481c   Section        0  usb_core.o(i.Standard_GetInterface)
    i.Standard_GetStatus                     0x08004848   Section        0  usb_core.o(i.Standard_GetStatus)
    i.Standard_SetConfiguration              0x08004938   Section        0  usb_core.o(i.Standard_SetConfiguration)
    i.Standard_SetDeviceFeature              0x08004980   Section        0  usb_core.o(i.Standard_SetDeviceFeature)
    i.Standard_SetEndPointFeature            0x080049a8   Section        0  usb_core.o(i.Standard_SetEndPointFeature)
    i.Standard_SetInterface                  0x08004a68   Section        0  usb_core.o(i.Standard_SetInterface)
    i.Suspend                                0x08004ad4   Section        0  usb_pwr.o(i.Suspend)
    i.SysTick_Handler                        0x08004afc   Section        0  delay.o(i.SysTick_Handler)
    i.SystemInit                             0x08004b0c   Section        0  system_stm32f10x.o(i.SystemInit)
    i.TIM1_Config                            0x08004b6c   Section        0  tim.o(i.TIM1_Config)
    i.TIM1_UP_IRQHandler                     0x08004bd0   Section        0  scheduler.o(i.TIM1_UP_IRQHandler)
    i.TIM2_PWM_Config                        0x08004c94   Section        0  tim.o(i.TIM2_PWM_Config)
    i.TIM3_PWM_Config                        0x08004d5c   Section        0  tim.o(i.TIM3_PWM_Config)
    i.TIM_ARRPreloadConfig                   0x08004e3c   Section        0  stm32f10x_tim.o(i.TIM_ARRPreloadConfig)
    i.TIM_ClearITPendingBit                  0x08004e54   Section        0  stm32f10x_tim.o(i.TIM_ClearITPendingBit)
    i.TIM_Cmd                                0x08004e5a   Section        0  stm32f10x_tim.o(i.TIM_Cmd)
    i.TIM_GetITStatus                        0x08004e72   Section        0  stm32f10x_tim.o(i.TIM_GetITStatus)
    i.TIM_ITConfig                           0x08004e94   Section        0  stm32f10x_tim.o(i.TIM_ITConfig)
    i.TIM_OC1Init                            0x08004ea8   Section        0  stm32f10x_tim.o(i.TIM_OC1Init)
    i.TIM_OC1PreloadConfig                   0x08004f40   Section        0  stm32f10x_tim.o(i.TIM_OC1PreloadConfig)
    i.TIM_OC2Init                            0x08004f54   Section        0  stm32f10x_tim.o(i.TIM_OC2Init)
    i.TIM_OC2PreloadConfig                   0x08004ff8   Section        0  stm32f10x_tim.o(i.TIM_OC2PreloadConfig)
    i.TIM_OC3Init                            0x08005014   Section        0  stm32f10x_tim.o(i.TIM_OC3Init)
    i.TIM_OC3PreloadConfig                   0x080050b4   Section        0  stm32f10x_tim.o(i.TIM_OC3PreloadConfig)
    i.TIM_OC4Init                            0x080050c8   Section        0  stm32f10x_tim.o(i.TIM_OC4Init)
    i.TIM_OC4PreloadConfig                   0x08005144   Section        0  stm32f10x_tim.o(i.TIM_OC4PreloadConfig)
    i.TIM_TimeBaseInit                       0x08005160   Section        0  stm32f10x_tim.o(i.TIM_TimeBaseInit)
    i.USART1_Config                          0x08005204   Section        0  usart.o(i.USART1_Config)
    i.USART_Cmd                              0x080052a8   Section        0  stm32f10x_usart.o(i.USART_Cmd)
    i.USART_ITConfig                         0x080052c0   Section        0  stm32f10x_usart.o(i.USART_ITConfig)
    i.USART_Init                             0x0800530c   Section        0  stm32f10x_usart.o(i.USART_Init)
    i.USB_Cable_Config                       0x080053e4   Section        0  usb_config.o(i.USB_Cable_Config)
    i.USB_Connect                            0x080053e8   Section        0  usb_config.o(i.USB_Connect)
    i.USB_HID_Init                           0x08005440   Section        0  usb_hid.o(i.USB_HID_Init)
    i.USB_Init                               0x0800546c   Section        0  usb_init.o(i.USB_Init)
    i.USB_Interrupts_Config                  0x080054a8   Section        0  usb_config.o(i.USB_Interrupts_Config)
    i.USB_Istr                               0x080054cc   Section        0  usb_istr.o(i.USB_Istr)
    i.USB_LP_CAN1_RX0_IRQHandler             0x080055c4   Section        0  stm32f10x_it.o(i.USB_LP_CAN1_RX0_IRQHandler)
    i.UsageFault_Handler                     0x080055cc   Section        0  stm32f10x_it.o(i.UsageFault_Handler)
    i.Usb_Hid_Adddata                        0x080055d0   Section        0  usb_hid.o(i.Usb_Hid_Adddata)
    i.Usb_Hid_Send                           0x080055fc   Section        0  usb_hid.o(i.Usb_Hid_Send)
    i.UserToPMABufferCopy                    0x080057cc   Section        0  usb_mem.o(i.UserToPMABufferCopy)
    i.__ARM_fpclassify                       0x08005804   Section        0  fpclassify.o(i.__ARM_fpclassify)
    i.__ARM_fpclassifyf                      0x0800582c   Section        0  fpclassifyf.o(i.__ARM_fpclassifyf)
    i.__kernel_poly                          0x08005852   Section        0  poly.o(i.__kernel_poly)
    i.__mathlib_dbl_infnan                   0x080058fc   Section        0  dunder.o(i.__mathlib_dbl_infnan)
    i.__mathlib_dbl_invalid                  0x08005902   Section        0  dunder.o(i.__mathlib_dbl_invalid)
    i.__mathlib_dbl_underflow                0x08005910   Section        0  dunder.o(i.__mathlib_dbl_underflow)
    i.__mathlib_flt_infnan                   0x08005920   Section        0  funder.o(i.__mathlib_flt_infnan)
    i.__mathlib_flt_infnan2                  0x08005926   Section        0  funder.o(i.__mathlib_flt_infnan2)
    i.__mathlib_flt_invalid                  0x0800592a   Section        0  funder.o(i.__mathlib_flt_invalid)
    i.__mathlib_flt_underflow                0x08005932   Section        0  funder.o(i.__mathlib_flt_underflow)
    i.__mathlib_rredf2                       0x0800593c   Section        0  rredf.o(i.__mathlib_rredf2)
    i.__scatterload_copy                     0x08005aa4   Section       14  handlers.o(i.__scatterload_copy)
    i.__scatterload_null                     0x08005ab2   Section        2  handlers.o(i.__scatterload_null)
    i.__scatterload_zeroinit                 0x08005ab4   Section       14  handlers.o(i.__scatterload_zeroinit)
    i.__set_errno                            0x08005ac4   Section        0  errno.o(i.__set_errno)
    i.asin                                   0x08005ad0   Section        0  asin.o(i.asin)
    i.atan2f                                 0x08005d40   Section        0  atan2f.o(i.atan2f)
    i.cycleCounterInit                       0x08005f9c   Section        0  delay.o(i.cycleCounterInit)
    i.delay_ms                               0x08005ffc   Section        0  delay.o(i.delay_ms)
    i.flow_data_sins                         0x08006020   Section        0  flow.o(i.flow_data_sins)
    i.flow_get_data                          0x08006304   Section        0  flow.o(i.flow_get_data)
    i.kalman_1                               0x080063b8   Section        0  kalman.o(i.kalman_1)
    i.main                                   0x08006410   Section        0  main.o(i.main)
    i.pidRest                                0x08006488   Section        0  pid.o(i.pidRest)
    i.pidUpdate                              0x080064ba   Section        0  pid.o(i.pidUpdate)
    i.pid_param_Init                         0x0800652c   Section        0  init.o(i.pid_param_Init)
    i.remote_unlock                          0x08006600   Section        0  remote.o(i.remote_unlock)
    i.sqrt                                   0x080067e4   Section        0  sqrt.o(i.sqrt)
    i.tanf                                   0x08006830   Section        0  tanf.o(i.tanf)
    .constdata                               0x080069a4   Section       10  nrf24l01.o(.constdata)
    .constdata                               0x080069b0   Section       24  mymath.o(.constdata)
    .constdata                               0x080069c8   Section      134  usb_desc.o(.constdata)
    .constdata                               0x08006a50   Section       80  asin.o(.constdata)
    pS                                       0x08006a50   Data          48  asin.o(.constdata)
    qS                                       0x08006a80   Data          32  asin.o(.constdata)
    .constdata                               0x08006aa0   Section       32  rredf.o(.constdata)
    twooverpi                                0x08006aa0   Data          32  rredf.o(.constdata)
    .data                                    0x20000000   Section       20  system_stm32f10x.o(.data)
    .data                                    0x20000014   Section        3  scheduler.o(.data)
    cnt_3ms                                  0x20000014   Data           1  scheduler.o(.data)
    cnt_6ms                                  0x20000015   Data           1  scheduler.o(.data)
    cnt_24ms                                 0x20000016   Data           1  scheduler.o(.data)
    .data                                    0x20000018   Section       14  init.o(.data)
    .data                                    0x20000026   Section       20  stm32f10x_rcc.o(.data)
    APBAHBPrescTable                         0x20000026   Data          16  stm32f10x_rcc.o(.data)
    ADCPrescTable                            0x20000036   Data           4  stm32f10x_rcc.o(.data)
    .data                                    0x2000003a   Section        5  usb_hid.o(.data)
    notfull_timeout                          0x2000003e   Data           1  usb_hid.o(.data)
    .data                                    0x20000040   Section       14  flash.o(.data)
    .data                                    0x20000050   Section        8  led.o(.data)
    LastTime                                 0x20000054   Data           4  led.o(.data)
    .data                                    0x20000058   Section       76  mpu6050.o(.data)
    pMpu                                     0x20000058   Data           4  mpu6050.o(.data)
    ekf                                      0x2000005c   Data          72  mpu6050.o(.data)
    .data                                    0x200000a4   Section       71  flow.o(.data)
    .data                                    0x200000ec   Section        4  ano_dt.o(.data)
    ANTO_Recived_flag                        0x200000ee   Data           1  ano_dt.o(.data)
    status                                   0x200000ef   Data           1  ano_dt.o(.data)
    .data                                    0x200000f0   Section       19  remote.o(.data)
    cnt                                      0x200000fc   Data           2  remote.o(.data)
    status                                   0x200000fe   Data           1  remote.o(.data)
    cnt                                      0x20000100   Data           2  remote.o(.data)
    cnt                                      0x20000102   Data           1  remote.o(.data)
    .data                                    0x20000104   Section       84  control.o(.data)
    high_error_count                         0x2000014c   Data           1  control.o(.data)
    status                                   0x20000150   Data           1  control.o(.data)
    acc_offset                               0x20000152   Data           2  control.o(.data)
    status                                   0x20000154   Data           1  control.o(.data)
    set_pos                                  0x20000155   Data           1  control.o(.data)
    status                                   0x20000156   Data           1  control.o(.data)
    status                                   0x20000157   Data           1  control.o(.data)
    .data                                    0x20000158   Section       52  imu.o(.data)
    NormAccz                                 0x20000158   Data           4  imu.o(.data)
    KpDef                                    0x2000015c   Data           4  imu.o(.data)
    KiDef                                    0x20000160   Data           4  imu.o(.data)
    NumQ                                     0x20000164   Data          16  imu.o(.data)
    ekf                                      0x20000174   Data          24  imu.o(.data)
    .data                                    0x2000018c   Section        3  usb_core.o(.data)
    .data                                    0x20000190   Section       20  usb_init.o(.data)
    .data                                    0x200001a4   Section        4  usb_int.o(.data)
    .data                                    0x200001a8   Section       26  usb_desc.o(.data)
    .data                                    0x200001c4   Section       60  usb_istr.o(.data)
    .data                                    0x20000200   Section      156  usb_prop.o(.data)
    .data                                    0x2000029c   Section        7  usb_pwr.o(.data)
    .data                                    0x200002a4   Section        4  errno.o(.data)
    _errno                                   0x200002a4   Data           4  errno.o(.data)
    .bss                                     0x200002a8   Section      672  init.o(.bss)
    .bss                                     0x20000548   Section      320  usb_hid.o(.bss)
    .bss                                     0x20000688   Section       24  mpu6050.o(.bss)
    tBuff                                    0x20000694   Data          12  mpu6050.o(.bss)
    .bss                                     0x200006a0   Section       16  flow.o(.bss)
    .bss                                     0x200006b0   Section       54  ano_dt.o(.bss)
    RatePID                                  0x200006b0   Data          18  ano_dt.o(.bss)
    AnglePID                                 0x200006c2   Data          18  ano_dt.o(.bss)
    HighPID                                  0x200006d4   Data          18  ano_dt.o(.bss)
    .bss                                     0x200006e6   Section       32  remote.o(.bss)
    .bss                                     0x20000708   Section       12  imu.o(.bss)
    GyroIntegError                           0x20000708   Data          12  imu.o(.bss)
    .bss                                     0x20000714   Section       28  usb_init.o(.bss)
    .bss                                     0x20000730   Section       64  usb_endp.o(.bss)
    STACK                                    0x20000770   Section     1024  startup_stm32f10x_md.o(STACK)

    Global Symbols

    Symbol Name                              Value     Ov Type        Size  Object(Section)

    BuildAttributes$$THM_ISAv4$P$D$K$B$S$PE$A:L22UL41UL21$X:L11$S22US41US21$IEEE1$IW$USESV6$~STKCKD$USESV7$~SHL$OTIME$ROPI$IEEEX$EBA8$MICROLIB$REQ8$PRES8$EABIv2 0x00000000   Number         0  anon$$obj.o ABSOLUTE
    __ARM_use_no_argv                        0x00000000   Number         0  main.o ABSOLUTE
    __cpp_initialize__aeabi_                  - Undefined Weak Reference
    __cxa_finalize                            - Undefined Weak Reference
    _clock_init                               - Undefined Weak Reference
    _microlib_exit                            - Undefined Weak Reference
    __Vectors_Size                           0x000000ec   Number         0  startup_stm32f10x_md.o ABSOLUTE
    __Vectors                                0x08000000   Data           4  startup_stm32f10x_md.o(RESET)
    __Vectors_End                            0x080000ec   Data           0  startup_stm32f10x_md.o(RESET)
    __main                                   0x080000ed   Thumb Code     0  entry.o(.ARM.Collect$$$$00000000)
    _main_stk                                0x080000ed   Thumb Code     0  entry2.o(.ARM.Collect$$$$00000001)
    _main_scatterload                        0x080000f1   Thumb Code     0  entry5.o(.ARM.Collect$$$$00000004)
    __main_after_scatterload                 0x080000f5   Thumb Code     0  entry5.o(.ARM.Collect$$$$00000004)
    _main_clock                              0x080000f5   Thumb Code     0  entry7b.o(.ARM.Collect$$$$00000008)
    _main_cpp_init                           0x080000f5   Thumb Code     0  entry8b.o(.ARM.Collect$$$$0000000A)
    _main_init                               0x080000f5   Thumb Code     0  entry9a.o(.ARM.Collect$$$$0000000B)
    __rt_final_cpp                           0x080000fd   Thumb Code     0  entry10a.o(.ARM.Collect$$$$0000000D)
    __rt_final_exit                          0x080000fd   Thumb Code     0  entry11a.o(.ARM.Collect$$$$0000000F)
    Reset_Handler                            0x08000101   Thumb Code     8  startup_stm32f10x_md.o(.text)
    ADC1_2_IRQHandler                        0x0800011b   Thumb Code     0  startup_stm32f10x_md.o(.text)
    CAN1_RX1_IRQHandler                      0x0800011b   Thumb Code     0  startup_stm32f10x_md.o(.text)
    CAN1_SCE_IRQHandler                      0x0800011b   Thumb Code     0  startup_stm32f10x_md.o(.text)
    DMA1_Channel1_IRQHandler                 0x0800011b   Thumb Code     0  startup_stm32f10x_md.o(.text)
    DMA1_Channel2_IRQHandler                 0x0800011b   Thumb Code     0  startup_stm32f10x_md.o(.text)
    DMA1_Channel3_IRQHandler                 0x0800011b   Thumb Code     0  startup_stm32f10x_md.o(.text)
    DMA1_Channel4_IRQHandler                 0x0800011b   Thumb Code     0  startup_stm32f10x_md.o(.text)
    DMA1_Channel5_IRQHandler                 0x0800011b   Thumb Code     0  startup_stm32f10x_md.o(.text)
    DMA1_Channel6_IRQHandler                 0x0800011b   Thumb Code     0  startup_stm32f10x_md.o(.text)
    DMA1_Channel7_IRQHandler                 0x0800011b   Thumb Code     0  startup_stm32f10x_md.o(.text)
    EXTI0_IRQHandler                         0x0800011b   Thumb Code     0  startup_stm32f10x_md.o(.text)
    EXTI15_10_IRQHandler                     0x0800011b   Thumb Code     0  startup_stm32f10x_md.o(.text)
    EXTI1_IRQHandler                         0x0800011b   Thumb Code     0  startup_stm32f10x_md.o(.text)
    EXTI2_IRQHandler                         0x0800011b   Thumb Code     0  startup_stm32f10x_md.o(.text)
    EXTI3_IRQHandler                         0x0800011b   Thumb Code     0  startup_stm32f10x_md.o(.text)
    EXTI4_IRQHandler                         0x0800011b   Thumb Code     0  startup_stm32f10x_md.o(.text)
    EXTI9_5_IRQHandler                       0x0800011b   Thumb Code     0  startup_stm32f10x_md.o(.text)
    FLASH_IRQHandler                         0x0800011b   Thumb Code     0  startup_stm32f10x_md.o(.text)
    I2C1_ER_IRQHandler                       0x0800011b   Thumb Code     0  startup_stm32f10x_md.o(.text)
    I2C1_EV_IRQHandler                       0x0800011b   Thumb Code     0  startup_stm32f10x_md.o(.text)
    I2C2_ER_IRQHandler                       0x0800011b   Thumb Code     0  startup_stm32f10x_md.o(.text)
    I2C2_EV_IRQHandler                       0x0800011b   Thumb Code     0  startup_stm32f10x_md.o(.text)
    PVD_IRQHandler                           0x0800011b   Thumb Code     0  startup_stm32f10x_md.o(.text)
    RCC_IRQHandler                           0x0800011b   Thumb Code     0  startup_stm32f10x_md.o(.text)
    RTCAlarm_IRQHandler                      0x0800011b   Thumb Code     0  startup_stm32f10x_md.o(.text)
    RTC_IRQHandler                           0x0800011b   Thumb Code     0  startup_stm32f10x_md.o(.text)
    SPI1_IRQHandler                          0x0800011b   Thumb Code     0  startup_stm32f10x_md.o(.text)
    SPI2_IRQHandler                          0x0800011b   Thumb Code     0  startup_stm32f10x_md.o(.text)
    TAMPER_IRQHandler                        0x0800011b   Thumb Code     0  startup_stm32f10x_md.o(.text)
    TIM1_BRK_IRQHandler                      0x0800011b   Thumb Code     0  startup_stm32f10x_md.o(.text)
    TIM1_CC_IRQHandler                       0x0800011b   Thumb Code     0  startup_stm32f10x_md.o(.text)
    TIM1_TRG_COM_IRQHandler                  0x0800011b   Thumb Code     0  startup_stm32f10x_md.o(.text)
    TIM2_IRQHandler                          0x0800011b   Thumb Code     0  startup_stm32f10x_md.o(.text)
    TIM3_IRQHandler                          0x0800011b   Thumb Code     0  startup_stm32f10x_md.o(.text)
    TIM4_IRQHandler                          0x0800011b   Thumb Code     0  startup_stm32f10x_md.o(.text)
    USART1_IRQHandler                        0x0800011b   Thumb Code     0  startup_stm32f10x_md.o(.text)
    USART2_IRQHandler                        0x0800011b   Thumb Code     0  startup_stm32f10x_md.o(.text)
    USART3_IRQHandler                        0x0800011b   Thumb Code     0  startup_stm32f10x_md.o(.text)
    USBWakeUp_IRQHandler                     0x0800011b   Thumb Code     0  startup_stm32f10x_md.o(.text)
    USB_HP_CAN1_TX_IRQHandler                0x0800011b   Thumb Code     0  startup_stm32f10x_md.o(.text)
    WWDG_IRQHandler                          0x0800011b   Thumb Code     0  startup_stm32f10x_md.o(.text)
    __aeabi_fadd                             0x08000125   Thumb Code   164  fadd.o(.text)
    __aeabi_fsub                             0x080001c9   Thumb Code     6  fadd.o(.text)
    __aeabi_frsub                            0x080001cf   Thumb Code     6  fadd.o(.text)
    __aeabi_fmul                             0x080001d5   Thumb Code   100  fmul.o(.text)
    __aeabi_fdiv                             0x08000239   Thumb Code   124  fdiv.o(.text)
    __aeabi_dadd                             0x080002b5   Thumb Code   322  dadd.o(.text)
    __aeabi_dsub                             0x080003f7   Thumb Code     6  dadd.o(.text)
    __aeabi_drsub                            0x080003fd   Thumb Code     6  dadd.o(.text)
    __aeabi_dmul                             0x08000403   Thumb Code   228  dmul.o(.text)
    __aeabi_i2f                              0x080004e7   Thumb Code    18  fflti.o(.text)
    __aeabi_ui2f                             0x080004f9   Thumb Code    10  ffltui.o(.text)
    __aeabi_i2d                              0x08000503   Thumb Code    34  dflti.o(.text)
    __aeabi_f2iz                             0x08000525   Thumb Code    50  ffixi.o(.text)
    __aeabi_f2d                              0x08000557   Thumb Code    38  f2d.o(.text)
    __aeabi_d2f                              0x0800057d   Thumb Code    56  d2f.o(.text)
    __aeabi_cfcmpeq                          0x080005b5   Thumb Code     0  cfcmple.o(.text)
    __aeabi_cfcmple                          0x080005b5   Thumb Code    20  cfcmple.o(.text)
    __aeabi_cfrcmple                         0x080005c9   Thumb Code    20  cfrcmple.o(.text)
    __aeabi_llsl                             0x080005dd   Thumb Code    30  llshl.o(.text)
    _ll_shift_l                              0x080005dd   Thumb Code     0  llshl.o(.text)
    __aeabi_lasr                             0x080005fb   Thumb Code    36  llsshr.o(.text)
    _ll_sshift_r                             0x080005fb   Thumb Code     0  llsshr.o(.text)
    __I$use$fp                               0x0800061f   Thumb Code     0  iusefp.o(.text)
    _float_round                             0x0800061f   Thumb Code    18  fepilogue.o(.text)
    _float_epilogue                          0x08000631   Thumb Code    92  fepilogue.o(.text)
    __ARM_scalbnf                            0x0800068d   Thumb Code    24  fscalb.o(.text)
    scalbnf                                  0x0800068d   Thumb Code     0  fscalb.o(.text)
    _frnd                                    0x080006a5   Thumb Code    60  frnd.o(.text)
    _double_round                            0x080006e1   Thumb Code    30  depilogue.o(.text)
    _double_epilogue                         0x080006ff   Thumb Code   156  depilogue.o(.text)
    __aeabi_ddiv                             0x0800079b   Thumb Code   222  ddiv.o(.text)
    __ARM_scalbn                             0x08000879   Thumb Code    46  dscalb.o(.text)
    scalbn                                   0x08000879   Thumb Code     0  dscalb.o(.text)
    __scatterload                            0x080008a9   Thumb Code    28  init.o(.text)
    __scatterload_rt2                        0x080008a9   Thumb Code     0  init.o(.text)
    __aeabi_llsr                             0x080008cd   Thumb Code    32  llushr.o(.text)
    _ll_ushift_r                             0x080008cd   Thumb Code     0  llushr.o(.text)
    _dsqrt                                   0x080008ed   Thumb Code   162  dsqrt.o(.text)
    __decompress                             0x0800098f   Thumb Code     0  __dczerorl2.o(.text)
    __decompress1                            0x0800098f   Thumb Code    86  __dczerorl2.o(.text)
    ALL_Init                                 0x080009e5   Thumb Code    48  init.o(i.ALL_Init)
    ANTO_Send                                0x08000a15   Thumb Code   754  ano_dt.o(i.ANTO_Send)
    ANTO_polling                             0x08000d45   Thumb Code   540  ano_dt.o(i.ANTO_polling)
    BusFault_Handler                         0x08000f8d   Thumb Code     4  stm32f10x_it.o(i.BusFault_Handler)
    ByteSwap                                 0x08000f91   Thumb Code    12  usb_regs.o(i.ByteSwap)
    CTR_LP                                   0x08000f9d   Thumb Code   774  usb_int.o(i.CTR_LP)
    ClearDTOG_RX                             0x080012c5   Thumb Code    46  usb_regs.o(i.ClearDTOG_RX)
    ClearDTOG_TX                             0x080012f9   Thumb Code    46  usb_regs.o(i.ClearDTOG_TX)
    Clear_Status_Out                         0x0800132d   Thumb Code    28  usb_regs.o(i.Clear_Status_Out)
    CustomHID_Data_Setup                     0x0800134d   Thumb Code   108  usb_prop.o(i.CustomHID_Data_Setup)
    CustomHID_GetConfigDescriptor            0x080013c9   Thumb Code    14  usb_prop.o(i.CustomHID_GetConfigDescriptor)
    CustomHID_GetDeviceDescriptor            0x080013dd   Thumb Code    14  usb_prop.o(i.CustomHID_GetDeviceDescriptor)
    CustomHID_GetHIDDescriptor               0x080013f1   Thumb Code    14  usb_prop.o(i.CustomHID_GetHIDDescriptor)
    CustomHID_GetProtocolValue               0x08001405   Thumb Code    20  usb_prop.o(i.CustomHID_GetProtocolValue)
    CustomHID_GetReportDescriptor            0x08001421   Thumb Code    14  usb_prop.o(i.CustomHID_GetReportDescriptor)
    CustomHID_GetStringDescriptor            0x08001435   Thumb Code    32  usb_prop.o(i.CustomHID_GetStringDescriptor)
    CustomHID_Get_Interface_Setting          0x0800145d   Thumb Code    22  usb_prop.o(i.CustomHID_Get_Interface_Setting)
    CustomHID_NoData_Setup                   0x08001475   Thumb Code    32  usb_prop.o(i.CustomHID_NoData_Setup)
    CustomHID_Reset                          0x08001499   Thumb Code   176  usb_prop.o(i.CustomHID_Reset)
    CustomHID_SetConfiguration               0x08001559   Thumb Code    16  usb_prop.o(i.CustomHID_SetConfiguration)
    CustomHID_SetDeviceAddress               0x08001571   Thumb Code     8  usb_prop.o(i.CustomHID_SetDeviceAddress)
    CustomHID_SetProtocol                    0x0800157d   Thumb Code    14  usb_prop.o(i.CustomHID_SetProtocol)
    CustomHID_Status_In                      0x08001595   Thumb Code     2  usb_prop.o(i.CustomHID_Status_In)
    CustomHID_Status_Out                     0x08001597   Thumb Code     2  usb_prop.o(i.CustomHID_Status_Out)
    CustomHID_init                           0x08001599   Thumb Code    50  usb_prop.o(i.CustomHID_init)
    DebugMon_Handler                         0x080019f1   Thumb Code     2  stm32f10x_it.o(i.DebugMon_Handler)
    EP1_OUT_Callback                         0x080019f5   Thumb Code    28  usb_endp.o(i.EP1_OUT_Callback)
    EP2_IN_Callback                          0x08001a19   Thumb Code    20  usb_endp.o(i.EP2_IN_Callback)
    Enter_LowPowerMode                       0x08001a31   Thumb Code     8  usb_config.o(i.Enter_LowPowerMode)
    FLASH_read                               0x08001a3d   Thumb Code    40  flash.o(i.FLASH_read)
    FlightPidControl                         0x08001a6d   Thumb Code   366  control.o(i.FlightPidControl)
    FlowPidControl                           0x08001c19   Thumb Code   550  control.o(i.FlowPidControl)
    GPIO_Init                                0x08001e91   Thumb Code   278  stm32f10x_gpio.o(i.GPIO_Init)
    GPIO_ResetBits                           0x08001fa7   Thumb Code     4  stm32f10x_gpio.o(i.GPIO_ResetBits)
    GPIO_SetBits                             0x08001fab   Thumb Code     4  stm32f10x_gpio.o(i.GPIO_SetBits)
    GetAngle                                 0x08001fb1   Thumb Code  1882  imu.o(i.GetAngle)
    GetEPRxAddr                              0x08002725   Thumb Code    24  usb_regs.o(i.GetEPRxAddr)
    GetEPTxAddr                              0x08002745   Thumb Code    22  usb_regs.o(i.GetEPTxAddr)
    GetNormAccz                              0x08002765   Thumb Code    26  imu.o(i.GetNormAccz)
    GetSysTime_us                            0x08002789   Thumb Code    34  delay.o(i.GetSysTime_us)
    Get_SerialNum                            0x080027b5   Thumb Code    62  usb_config.o(i.Get_SerialNum)
    HardFault_Handler                        0x080027fd   Thumb Code     4  stm32f10x_it.o(i.HardFault_Handler)
    HeightPidControl                         0x08002801   Thumb Code   672  control.o(i.HeightPidControl)
    IIC_Init                                 0x08002ff9   Thumb Code    38  iic_software.o(i.IIC_Init)
    IIC_Read_One_Byte                        0x08003025   Thumb Code   100  iic_software.o(i.IIC_Read_One_Byte)
    IIC_Write_One_Byte                       0x08003089   Thumb Code    68  iic_software.o(i.IIC_Write_One_Byte)
    IIC_read_Bytes                           0x080030cd   Thumb Code   140  iic_software.o(i.IIC_read_Bytes)
    In0_Process                              0x08003159   Thumb Code    98  usb_core.o(i.In0_Process)
    Leave_LowPowerMode                       0x080031c9   Thumb Code    22  usb_config.o(i.Leave_LowPowerMode)
    MemManage_Handler                        0x080031e9   Thumb Code     4  stm32f10x_it.o(i.MemManage_Handler)
    MotorControl                             0x080031ed   Thumb Code   714  control.o(i.MotorControl)
    MpuGetData                               0x080034f1   Thumb Code   220  mpu6050.o(i.MpuGetData)
    MpuInit                                  0x080035e5   Thumb Code   128  mpu6050.o(i.MpuInit)
    NMI_Handler                              0x08003669   Thumb Code     2  stm32f10x_it.o(i.NMI_Handler)
    NOP_Process                              0x0800366b   Thumb Code     2  usb_core.o(i.NOP_Process)
    NRF24L01_Check                           0x0800366d   Thumb Code    68  nrf24l01.o(i.NRF24L01_Check)
    NRF24L01_Configuration                   0x080036b9   Thumb Code   100  nrf24l01.o(i.NRF24L01_Configuration)
    NRF24L01_Read_Buf                        0x08003725   Thumb Code    62  nrf24l01.o(i.NRF24L01_Read_Buf)
    NRF24L01_Read_Reg                        0x08003769   Thumb Code    40  nrf24l01.o(i.NRF24L01_Read_Reg)
    NRF24L01_RxPacket                        0x08003795   Thumb Code    52  nrf24l01.o(i.NRF24L01_RxPacket)
    NRF24L01_Write_Buf                       0x080037c9   Thumb Code    62  nrf24l01.o(i.NRF24L01_Write_Buf)
    NRF24L01_Write_Reg                       0x0800380d   Thumb Code    42  nrf24l01.o(i.NRF24L01_Write_Reg)
    NRF24L01_init                            0x0800383d   Thumb Code    22  nrf24l01.o(i.NRF24L01_init)
    NVIC_Init                                0x08003855   Thumb Code   100  misc.o(i.NVIC_Init)
    NVIC_PriorityGroupConfig                 0x080038c5   Thumb Code    10  misc.o(i.NVIC_PriorityGroupConfig)
    Out0_Process                             0x08003a1d   Thumb Code    70  usb_core.o(i.Out0_Process)
    PMAToUserBufferCopy                      0x08003a6d   Thumb Code    34  usb_mem.o(i.PMAToUserBufferCopy)
    PendSV_Handler                           0x08003a95   Thumb Code     2  stm32f10x_it.o(i.PendSV_Handler)
    PilotLED                                 0x08003a99   Thumb Code   264  led.o(i.PilotLED)
    Post0_Process                            0x08003bb5   Thumb Code    54  usb_core.o(i.Post0_Process)
    PowerOn                                  0x08003bfd   Thumb Code    54  usb_pwr.o(i.PowerOn)
    Q_rsqrt                                  0x08003c3d   Thumb Code    74  mymath.o(i.Q_rsqrt)
    RCC_APB1PeriphClockCmd                   0x08003c8d   Thumb Code    26  stm32f10x_rcc.o(i.RCC_APB1PeriphClockCmd)
    RCC_APB2PeriphClockCmd                   0x08003cad   Thumb Code    26  stm32f10x_rcc.o(i.RCC_APB2PeriphClockCmd)
    RCC_GetClocksFreq                        0x08003ccd   Thumb Code   192  stm32f10x_rcc.o(i.RCC_GetClocksFreq)
    RCC_USBCLKConfig                         0x08003da1   Thumb Code     6  stm32f10x_rcc.o(i.RCC_USBCLKConfig)
    RC_Analy                                 0x08003dad   Thumb Code   760  remote.o(i.RC_Analy)
    RX_Mode                                  0x080040d1   Thumb Code    80  nrf24l01.o(i.RX_Mode)
    Resume                                   0x08004129   Thumb Code   168  usb_pwr.o(i.Resume)
    Resume_Init                              0x080041d9   Thumb Code    30  usb_pwr.o(i.Resume_Init)
    SPI_Config                               0x080041fd   Thumb Code   104  spi.o(i.SPI_Config)
    SPI_RW                                   0x08004269   Thumb Code    94  spi.o(i.SPI_RW)
    SVC_Handler                              0x080042cd   Thumb Code     2  stm32f10x_it.o(i.SVC_Handler)
    SetBTABLE                                0x080042d1   Thumb Code    12  usb_regs.o(i.SetBTABLE)
    SetDeviceAddress                         0x080042e1   Thumb Code    62  usb_core.o(i.SetDeviceAddress)
    SetEPRxAddr                              0x0800432d   Thumb Code    26  usb_regs.o(i.SetEPRxAddr)
    SetEPRxCount                             0x08004351   Thumb Code    68  usb_regs.o(i.SetEPRxCount)
    SetEPRxStatus                            0x0800439d   Thumb Code    52  usb_regs.o(i.SetEPRxStatus)
    SetEPRxValid                             0x080043d5   Thumb Code    38  usb_regs.o(i.SetEPRxValid)
    SetEPTxAddr                              0x08004401   Thumb Code    24  usb_regs.o(i.SetEPTxAddr)
    SetEPTxCount                             0x08004421   Thumb Code    20  usb_regs.o(i.SetEPTxCount)
    SetEPTxStatus                            0x0800443d   Thumb Code    52  usb_regs.o(i.SetEPTxStatus)
    SetEPTxValid                             0x08004475   Thumb Code    38  usb_regs.o(i.SetEPTxValid)
    SetEPType                                0x080044a1   Thumb Code    32  usb_regs.o(i.SetEPType)
    Set_USBClock                             0x080045ad   Thumb Code    18  usb_config.o(i.Set_USBClock)
    Setup0_Process                           0x080045c1   Thumb Code   162  usb_core.o(i.Setup0_Process)
    Standard_ClearFeature                    0x08004671   Thumb Code   326  usb_core.o(i.Standard_ClearFeature)
    Standard_GetConfiguration                0x080047cd   Thumb Code    34  usb_core.o(i.Standard_GetConfiguration)
    Standard_GetDescriptorData               0x080047f9   Thumb Code    32  usb_core.o(i.Standard_GetDescriptorData)
    Standard_GetInterface                    0x0800481d   Thumb Code    34  usb_core.o(i.Standard_GetInterface)
    Standard_GetStatus                       0x08004849   Thumb Code   224  usb_core.o(i.Standard_GetStatus)
    Standard_SetConfiguration                0x08004939   Thumb Code    60  usb_core.o(i.Standard_SetConfiguration)
    Standard_SetDeviceFeature                0x08004981   Thumb Code    30  usb_core.o(i.Standard_SetDeviceFeature)
    Standard_SetEndPointFeature              0x080049a9   Thumb Code   176  usb_core.o(i.Standard_SetEndPointFeature)
    Standard_SetInterface                    0x08004a69   Thumb Code    96  usb_core.o(i.Standard_SetInterface)
    Suspend                                  0x08004ad5   Thumb Code    34  usb_pwr.o(i.Suspend)
    SysTick_Handler                          0x08004afd   Thumb Code    12  delay.o(i.SysTick_Handler)
    SystemInit                               0x08004b0d   Thumb Code    78  system_stm32f10x.o(i.SystemInit)
    TIM1_Config                              0x08004b6d   Thumb Code    94  tim.o(i.TIM1_Config)
    TIM1_UP_IRQHandler                       0x08004bd1   Thumb Code   152  scheduler.o(i.TIM1_UP_IRQHandler)
    TIM2_PWM_Config                          0x08004c95   Thumb Code   194  tim.o(i.TIM2_PWM_Config)
    TIM3_PWM_Config                          0x08004d5d   Thumb Code   210  tim.o(i.TIM3_PWM_Config)
    TIM_ARRPreloadConfig                     0x08004e3d   Thumb Code    24  stm32f10x_tim.o(i.TIM_ARRPreloadConfig)
    TIM_ClearITPendingBit                    0x08004e55   Thumb Code     6  stm32f10x_tim.o(i.TIM_ClearITPendingBit)
    TIM_Cmd                                  0x08004e5b   Thumb Code    24  stm32f10x_tim.o(i.TIM_Cmd)
    TIM_GetITStatus                          0x08004e73   Thumb Code    34  stm32f10x_tim.o(i.TIM_GetITStatus)
    TIM_ITConfig                             0x08004e95   Thumb Code    18  stm32f10x_tim.o(i.TIM_ITConfig)
    TIM_OC1Init                              0x08004ea9   Thumb Code   132  stm32f10x_tim.o(i.TIM_OC1Init)
    TIM_OC1PreloadConfig                     0x08004f41   Thumb Code    18  stm32f10x_tim.o(i.TIM_OC1PreloadConfig)
    TIM_OC2Init                              0x08004f55   Thumb Code   154  stm32f10x_tim.o(i.TIM_OC2Init)
    TIM_OC2PreloadConfig                     0x08004ff9   Thumb Code    26  stm32f10x_tim.o(i.TIM_OC2PreloadConfig)
    TIM_OC3Init                              0x08005015   Thumb Code   150  stm32f10x_tim.o(i.TIM_OC3Init)
    TIM_OC3PreloadConfig                     0x080050b5   Thumb Code    18  stm32f10x_tim.o(i.TIM_OC3PreloadConfig)
    TIM_OC4Init                              0x080050c9   Thumb Code   114  stm32f10x_tim.o(i.TIM_OC4Init)
    TIM_OC4PreloadConfig                     0x08005145   Thumb Code    26  stm32f10x_tim.o(i.TIM_OC4PreloadConfig)
    TIM_TimeBaseInit                         0x08005161   Thumb Code   122  stm32f10x_tim.o(i.TIM_TimeBaseInit)
    USART1_Config                            0x08005205   Thumb Code   154  usart.o(i.USART1_Config)
    USART_Cmd                                0x080052a9   Thumb Code    24  stm32f10x_usart.o(i.USART_Cmd)
    USART_ITConfig                           0x080052c1   Thumb Code    74  stm32f10x_usart.o(i.USART_ITConfig)
    USART_Init                               0x0800530d   Thumb Code   210  stm32f10x_usart.o(i.USART_Init)
    USB_Cable_Config                         0x080053e5   Thumb Code     2  usb_config.o(i.USB_Cable_Config)
    USB_Connect                              0x080053e9   Thumb Code    78  usb_config.o(i.USB_Connect)
    USB_HID_Init                             0x08005441   Thumb Code    38  usb_hid.o(i.USB_HID_Init)
    USB_Init                                 0x0800546d   Thumb Code    36  usb_init.o(i.USB_Init)
    USB_Interrupts_Config                    0x080054a9   Thumb Code    34  usb_config.o(i.USB_Interrupts_Config)
    USB_Istr                                 0x080054cd   Thumb Code   222  usb_istr.o(i.USB_Istr)
    USB_LP_CAN1_RX0_IRQHandler               0x080055c5   Thumb Code     8  stm32f10x_it.o(i.USB_LP_CAN1_RX0_IRQHandler)
    UsageFault_Handler                       0x080055cd   Thumb Code     4  stm32f10x_it.o(i.UsageFault_Handler)
    Usb_Hid_Adddata                          0x080055d1   Thumb Code    36  usb_hid.o(i.Usb_Hid_Adddata)
    Usb_Hid_Send                             0x080055fd   Thumb Code   438  usb_hid.o(i.Usb_Hid_Send)
    UserToPMABufferCopy                      0x080057cd   Thumb Code    52  usb_mem.o(i.UserToPMABufferCopy)
    __ARM_fpclassify                         0x08005805   Thumb Code    40  fpclassify.o(i.__ARM_fpclassify)
    __ARM_fpclassifyf                        0x0800582d   Thumb Code    38  fpclassifyf.o(i.__ARM_fpclassifyf)
    __kernel_poly                            0x08005853   Thumb Code   170  poly.o(i.__kernel_poly)
    __mathlib_dbl_infnan                     0x080058fd   Thumb Code     6  dunder.o(i.__mathlib_dbl_infnan)
    __mathlib_dbl_invalid                    0x08005903   Thumb Code    12  dunder.o(i.__mathlib_dbl_invalid)
    __mathlib_dbl_underflow                  0x08005911   Thumb Code    10  dunder.o(i.__mathlib_dbl_underflow)
    __mathlib_flt_infnan                     0x08005921   Thumb Code     6  funder.o(i.__mathlib_flt_infnan)
    __mathlib_flt_infnan2                    0x08005927   Thumb Code     4  funder.o(i.__mathlib_flt_infnan2)
    __mathlib_flt_invalid                    0x0800592b   Thumb Code     8  funder.o(i.__mathlib_flt_invalid)
    __mathlib_flt_underflow                  0x08005933   Thumb Code    10  funder.o(i.__mathlib_flt_underflow)
    __mathlib_rredf2                         0x0800593d   Thumb Code   344  rredf.o(i.__mathlib_rredf2)
    __scatterload_copy                       0x08005aa5   Thumb Code    14  handlers.o(i.__scatterload_copy)
    __scatterload_null                       0x08005ab3   Thumb Code     2  handlers.o(i.__scatterload_null)
    __scatterload_zeroinit                   0x08005ab5   Thumb Code    14  handlers.o(i.__scatterload_zeroinit)
    __set_errno                              0x08005ac5   Thumb Code     6  errno.o(i.__set_errno)
    asin                                     0x08005ad1   Thumb Code   572  asin.o(i.asin)
    atan2f                                   0x08005d41   Thumb Code   528  atan2f.o(i.atan2f)
    cycleCounterInit                         0x08005f9d   Thumb Code    84  delay.o(i.cycleCounterInit)
    delay_ms                                 0x08005ffd   Thumb Code    34  delay.o(i.delay_ms)
    flow_data_sins                           0x08006021   Thumb Code   648  flow.o(i.flow_data_sins)
    flow_get_data                            0x08006305   Thumb Code   160  flow.o(i.flow_get_data)
    kalman_1                                 0x080063b9   Thumb Code    88  kalman.o(i.kalman_1)
    main                                     0x08006411   Thumb Code   108  main.o(i.main)
    pidRest                                  0x08006489   Thumb Code    50  pid.o(i.pidRest)
    pidUpdate                                0x080064bb   Thumb Code   114  pid.o(i.pidUpdate)
    pid_param_Init                           0x0800652d   Thumb Code   122  init.o(i.pid_param_Init)
    remote_unlock                            0x08006601   Thumb Code   432  remote.o(i.remote_unlock)
    sqrt                                     0x080067e5   Thumb Code    76  sqrt.o(i.sqrt)
    tanf                                     0x08006831   Thumb Code   314  tanf.o(i.tanf)
    TX_ADDRESS                               0x080069a4   Data           5  nrf24l01.o(.constdata)
    RX_ADDRESS                               0x080069a9   Data           5  nrf24l01.o(.constdata)
    M_PI                                     0x080069b0   Data           4  mymath.o(.constdata)
    RtA                                      0x080069b4   Data           4  mymath.o(.constdata)
    AtR                                      0x080069b8   Data           4  mymath.o(.constdata)
    Gyro_G                                   0x080069bc   Data           4  mymath.o(.constdata)
    Gyro_Gr                                  0x080069c0   Data           4  mymath.o(.constdata)
    PI_2                                     0x080069c4   Data           4  mymath.o(.constdata)
    CustomHID_DeviceDescriptor               0x080069c8   Data          18  usb_desc.o(.constdata)
    CustomHID_ConfigDescriptor               0x080069da   Data          41  usb_desc.o(.constdata)
    CustomHID_ReportDescriptor               0x08006a03   Data          33  usb_desc.o(.constdata)
    CustomHID_StringLangID                   0x08006a24   Data           4  usb_desc.o(.constdata)
    CustomHID_StringVendor                   0x08006a28   Data          20  usb_desc.o(.constdata)
    CustomHID_StringProduct                  0x08006a3c   Data          18  usb_desc.o(.constdata)
    Region$$Table$$Base                      0x08006ac0   Number         0  anon$$obj.o(Region$$Table)
    Region$$Table$$Limit                     0x08006ae0   Number         0  anon$$obj.o(Region$$Table)
    SystemCoreClock                          0x20000000   Data           4  system_stm32f10x.o(.data)
    AHBPrescTable                            0x20000004   Data          16  system_stm32f10x.o(.data)
    SysTick_count                            0x20000018   Data           4  init.o(.data)
    ALL_flag                                 0x2000001c   Data           1  init.o(.data)
    motor_PWM_Value                          0x2000001e   Data           8  init.o(.data)
    USB_ReceiveFlg                           0x2000003a   Data           1  usb_hid.o(.data)
    HID_SEND_TIMEOUT                         0x2000003b   Data           1  usb_hid.o(.data)
    hid_datatemp_begin                       0x2000003c   Data           1  usb_hid.o(.data)
    hid_datatemp_end                         0x2000003d   Data           1  usb_hid.o(.data)
    EraseCounter                             0x20000040   Data           4  flash.o(.data)
    Address                                  0x20000044   Data           4  flash.o(.data)
    First_Page                               0x20000048   Data           4  flash.o(.data)
    FLASHStatus                              0x2000004c   Data           1  flash.o(.data)
    MemoryProgramStatus                      0x2000004d   Data           1  flash.o(.data)
    LED                                      0x20000050   Data           4  led.o(.data)
    gyroX_i                                  0x200000a4   Data           4  flow.o(.data)
    gyroY_i                                  0x200000a8   Data           4  flow.o(.data)
    flow_x_i                                 0x200000ac   Data           4  flow.o(.data)
    flow_y_i                                 0x200000b0   Data           4  flow.o(.data)
    flow_x_vel_lpf_i                         0x200000b4   Data           4  flow.o(.data)
    flow_y_vel_lpf_i                         0x200000b8   Data           4  flow.o(.data)
    flow_x_pos_lpf_i                         0x200000bc   Data           4  flow.o(.data)
    flow_y_pos_lpf_i                         0x200000c0   Data           4  flow.o(.data)
    flow_x_lpf_att_i                         0x200000c4   Data           4  flow.o(.data)
    flow_y_lpf_att_i                         0x200000c8   Data           4  flow.o(.data)
    flow_x_att                               0x200000cc   Data           4  flow.o(.data)
    flow_y_att                               0x200000d0   Data           4  flow.o(.data)
    flow_vel_x_i                             0x200000d4   Data           4  flow.o(.data)
    flow_vel_y_i                             0x200000d8   Data           4  flow.o(.data)
    last_flow_pos_x_i                        0x200000dc   Data           4  flow.o(.data)
    last_flow_pos_y_i                        0x200000e0   Data           4  flow.o(.data)
    temp_data                                0x200000e4   Data           6  flow.o(.data)
    error_count                              0x200000ea   Data           1  flow.o(.data)
    checkPID                                 0x200000ec   Data           2  ano_dt.o(.data)
    last_Remote_AUX1                         0x200000f0   Data           2  remote.o(.data)
    last_Remote_AUX3                         0x200000f2   Data           2  remote.o(.data)
    last_Remote_AUX4                         0x200000f4   Data           2  remote.o(.data)
    last_Remote_AUX2                         0x200000f6   Data           2  remote.o(.data)
    roll_offset                              0x200000f8   Data           2  remote.o(.data)
    pitch_offset                             0x200000fa   Data           2  remote.o(.data)
    pPidObject                               0x20000104   Data          48  control.o(.data)
    sins_high                                0x20000134   Data           4  control.o(.data)
    sins_vel                                 0x20000138   Data           4  control.o(.data)
    thr_hold                                 0x2000013c   Data           2  control.o(.data)
    last_high                                0x20000140   Data           4  control.o(.data)
    last_vel                                 0x20000144   Data           4  control.o(.data)
    VL53L01_high                             0x20000148   Data           4  control.o(.data)
    set_high                                 0x2000014d   Data           1  control.o(.data)
    low_thr_cnt                              0x2000014e   Data           2  control.o(.data)
    StatusInfo                               0x2000018c   Data           2  usb_core.o(.data)
    Data_Mul_MaxPacketSize                   0x2000018e   Data           1  usb_core.o(.data)
    EPindex                                  0x20000190   Data           1  usb_init.o(.data)
    pInformation                             0x20000194   Data           4  usb_init.o(.data)
    pProperty                                0x20000198   Data           4  usb_init.o(.data)
    SaveState                                0x2000019c   Data           2  usb_init.o(.data)
    wInterrupt_Mask                          0x2000019e   Data           2  usb_init.o(.data)
    pUser_Standard_Requests                  0x200001a0   Data           4  usb_init.o(.data)
    SaveRState                               0x200001a4   Data           2  usb_int.o(.data)
    SaveTState                               0x200001a6   Data           2  usb_int.o(.data)
    CustomHID_StringSerial                   0x200001a8   Data          26  usb_desc.o(.data)
    wIstr                                    0x200001c4   Data           2  usb_istr.o(.data)
    bIntPackSOF                              0x200001c6   Data           1  usb_istr.o(.data)
    pEpInt_IN                                0x200001c8   Data          28  usb_istr.o(.data)
    pEpInt_OUT                               0x200001e4   Data          28  usb_istr.o(.data)
    ProtocolValue                            0x20000200   Data           4  usb_prop.o(.data)
    Device_Table                             0x20000204   Data           2  usb_prop.o(.data)
    Device_Property                          0x20000208   Data          48  usb_prop.o(.data)
    User_Standard_Requests                   0x20000238   Data          36  usb_prop.o(.data)
    Device_Descriptor                        0x2000025c   Data           8  usb_prop.o(.data)
    Config_Descriptor                        0x20000264   Data           8  usb_prop.o(.data)
    CustomHID_Report_Descriptor              0x2000026c   Data           8  usb_prop.o(.data)
    CustomHID_Hid_Descriptor                 0x20000274   Data           8  usb_prop.o(.data)
    String_Descriptor                        0x2000027c   Data          32  usb_prop.o(.data)
    bDeviceState                             0x2000029c   Data           4  usb_pwr.o(.data)
    fSuspendEnabled                          0x200002a0   Data           1  usb_pwr.o(.data)
    ResumeS                                  0x200002a1   Data           2  usb_pwr.o(.data)
    MPU6050                                  0x200002a8   Data          12  init.o(.bss)
    Angle                                    0x200002b4   Data          12  init.o(.bss)
    Remote                                   0x200002c0   Data          24  init.o(.bss)
    pidRateX                                 0x200002d8   Data          52  init.o(.bss)
    pidRateY                                 0x2000030c   Data          52  init.o(.bss)
    pidRateZ                                 0x20000340   Data          52  init.o(.bss)
    pidPitch                                 0x20000374   Data          52  init.o(.bss)
    pidRoll                                  0x200003a8   Data          52  init.o(.bss)
    pidYaw                                   0x200003dc   Data          52  init.o(.bss)
    pidHeightRate                            0x20000410   Data          52  init.o(.bss)
    pidHeightHigh                            0x20000444   Data          52  init.o(.bss)
    pidPositionX                             0x20000478   Data          52  init.o(.bss)
    pidPositionY                             0x200004ac   Data          52  init.o(.bss)
    pidPosRateX                              0x200004e0   Data          52  init.o(.bss)
    pidPosRateY                              0x20000514   Data          52  init.o(.bss)
    Hid_RxData                               0x20000548   Data          64  usb_hid.o(.bss)
    hid_datatemp                             0x20000588   Data         256  usb_hid.o(.bss)
    MpuOffset                                0x20000688   Data          12  mpu6050.o(.bss)
    flow_data                                0x200006a0   Data          16  flow.o(.bss)
    RC_rxData                                0x200006e6   Data          32  remote.o(.bss)
    Device_Info                              0x20000714   Data          28  usb_init.o(.bss)
    Transi_Buffer                            0x20000730   Data          64  usb_endp.o(.bss)
    __initial_sp                             0x20000b70   Data           0  startup_stm32f10x_md.o(STACK)



==============================================================================

Memory Map of the image

  Image Entry point : 0x080000ed

  Load Region LR_IROM1 (Base: 0x08000000, Size: 0x00006d88, Max: 0x00010000, ABSOLUTE, COMPRESSED[0x00006be0])

    Execution Region ER_IROM1 (Base: 0x08000000, Size: 0x00006ae0, Max: 0x00010000, ABSOLUTE)

    Base Addr    Size         Type   Attr      Idx    E Section Name        Object

    0x08000000   0x000000ec   Data   RO          105    RESET               startup_stm32f10x_md.o
    0x080000ec   0x00000000   Code   RO         5210  * .ARM.Collect$$$$00000000  mc_w.l(entry.o)
    0x080000ec   0x00000004   Code   RO         5298    .ARM.Collect$$$$00000001  mc_w.l(entry2.o)
    0x080000f0   0x00000004   Code   RO         5301    .ARM.Collect$$$$00000004  mc_w.l(entry5.o)
    0x080000f4   0x00000000   Code   RO         5303    .ARM.Collect$$$$00000008  mc_w.l(entry7b.o)
    0x080000f4   0x00000000   Code   RO         5305    .ARM.Collect$$$$0000000A  mc_w.l(entry8b.o)
    0x080000f4   0x00000008   Code   RO         5306    .ARM.Collect$$$$0000000B  mc_w.l(entry9a.o)
    0x080000fc   0x00000000   Code   RO         5308    .ARM.Collect$$$$0000000D  mc_w.l(entry10a.o)
    0x080000fc   0x00000000   Code   RO         5310    .ARM.Collect$$$$0000000F  mc_w.l(entry11a.o)
    0x080000fc   0x00000004   Code   RO         5299    .ARM.Collect$$$$00002712  mc_w.l(entry2.o)
    0x08000100   0x00000024   Code   RO          106    .text               startup_stm32f10x_md.o
    0x08000124   0x000000b0   Code   RO         5219    .text               mf_w.l(fadd.o)
    0x080001d4   0x00000064   Code   RO         5221    .text               mf_w.l(fmul.o)
    0x08000238   0x0000007c   Code   RO         5223    .text               mf_w.l(fdiv.o)
    0x080002b4   0x0000014e   Code   RO         5225    .text               mf_w.l(dadd.o)
    0x08000402   0x000000e4   Code   RO         5227    .text               mf_w.l(dmul.o)
    0x080004e6   0x00000012   Code   RO         5229    .text               mf_w.l(fflti.o)
    0x080004f8   0x0000000a   Code   RO         5231    .text               mf_w.l(ffltui.o)
    0x08000502   0x00000022   Code   RO         5233    .text               mf_w.l(dflti.o)
    0x08000524   0x00000032   Code   RO         5235    .text               mf_w.l(ffixi.o)
    0x08000556   0x00000026   Code   RO         5237    .text               mf_w.l(f2d.o)
    0x0800057c   0x00000038   Code   RO         5239    .text               mf_w.l(d2f.o)
    0x080005b4   0x00000014   Code   RO         5241    .text               mf_w.l(cfcmple.o)
    0x080005c8   0x00000014   Code   RO         5243    .text               mf_w.l(cfrcmple.o)
    0x080005dc   0x0000001e   Code   RO         5312    .text               mc_w.l(llshl.o)
    0x080005fa   0x00000024   Code   RO         5314    .text               mc_w.l(llsshr.o)
    0x0800061e   0x00000000   Code   RO         5323    .text               mc_w.l(iusefp.o)
    0x0800061e   0x0000006e   Code   RO         5324    .text               mf_w.l(fepilogue.o)
    0x0800068c   0x00000018   Code   RO         5326    .text               mf_w.l(fscalb.o)
    0x080006a4   0x0000003c   Code   RO         5328    .text               mf_w.l(frnd.o)
    0x080006e0   0x000000ba   Code   RO         5330    .text               mf_w.l(depilogue.o)
    0x0800079a   0x000000de   Code   RO         5332    .text               mf_w.l(ddiv.o)
    0x08000878   0x0000002e   Code   RO         5334    .text               mf_w.l(dscalb.o)
    0x080008a6   0x00000002   PAD
    0x080008a8   0x00000024   Code   RO         5336    .text               mc_w.l(init.o)
    0x080008cc   0x00000020   Code   RO         5338    .text               mc_w.l(llushr.o)
    0x080008ec   0x000000a2   Code   RO         5342    .text               mf_w.l(dsqrt.o)
    0x0800098e   0x00000056   Code   RO         5354    .text               mc_w.l(__dczerorl2.o)
    0x080009e4   0x00000030   Code   RO          361    i.ALL_Init          init.o
    0x08000a14   0x00000330   Code   RO         3916    i.ANTO_Send         ano_dt.o
    0x08000d44   0x00000248   Code   RO         3917    i.ANTO_polling      ano_dt.o
    0x08000f8c   0x00000004   Code   RO          110    i.BusFault_Handler  stm32f10x_it.o
    0x08000f90   0x0000000c   Code   RO         4534    i.ByteSwap          usb_regs.o
    0x08000f9c   0x00000328   Code   RO         4487    i.CTR_LP            usb_int.o
    0x080012c4   0x00000034   Code   RO         4535    i.ClearDTOG_RX      usb_regs.o
    0x080012f8   0x00000034   Code   RO         4536    i.ClearDTOG_TX      usb_regs.o
    0x0800132c   0x00000020   Code   RO         4541    i.Clear_Status_Out  usb_regs.o
    0x0800134c   0x0000007c   Code   RO         5021    i.CustomHID_Data_Setup  usb_prop.o
    0x080013c8   0x00000014   Code   RO         5022    i.CustomHID_GetConfigDescriptor  usb_prop.o
    0x080013dc   0x00000014   Code   RO         5023    i.CustomHID_GetDeviceDescriptor  usb_prop.o
    0x080013f0   0x00000014   Code   RO         5024    i.CustomHID_GetHIDDescriptor  usb_prop.o
    0x08001404   0x0000001c   Code   RO         5025    i.CustomHID_GetProtocolValue  usb_prop.o
    0x08001420   0x00000014   Code   RO         5026    i.CustomHID_GetReportDescriptor  usb_prop.o
    0x08001434   0x00000028   Code   RO         5027    i.CustomHID_GetStringDescriptor  usb_prop.o
    0x0800145c   0x00000016   Code   RO         5028    i.CustomHID_Get_Interface_Setting  usb_prop.o
    0x08001472   0x00000002   PAD
    0x08001474   0x00000024   Code   RO         5029    i.CustomHID_NoData_Setup  usb_prop.o
    0x08001498   0x000000c0   Code   RO         5030    i.CustomHID_Reset   usb_prop.o
    0x08001558   0x00000018   Code   RO         5031    i.CustomHID_SetConfiguration  usb_prop.o
    0x08001570   0x0000000c   Code   RO         5032    i.CustomHID_SetDeviceAddress  usb_prop.o
    0x0800157c   0x00000018   Code   RO         5033    i.CustomHID_SetProtocol  usb_prop.o
    0x08001594   0x00000002   Code   RO         5034    i.CustomHID_Status_In  usb_prop.o
    0x08001596   0x00000002   Code   RO         5035    i.CustomHID_Status_Out  usb_prop.o
    0x08001598   0x00000044   Code   RO         5036    i.CustomHID_init    usb_prop.o
    0x080015dc   0x000000c0   Code   RO         4317    i.DataStageIn       usb_core.o
    0x0800169c   0x000000bc   Code   RO         4318    i.DataStageOut      usb_core.o
    0x08001758   0x00000298   Code   RO         4319    i.Data_Setup0       usb_core.o
    0x080019f0   0x00000002   Code   RO          111    i.DebugMon_Handler  stm32f10x_it.o
    0x080019f2   0x00000002   PAD
    0x080019f4   0x00000024   Code   RO         4976    i.EP1_OUT_Callback  usb_endp.o
    0x08001a18   0x00000018   Code   RO         4977    i.EP2_IN_Callback   usb_endp.o
    0x08001a30   0x0000000c   Code   RO         4894    i.Enter_LowPowerMode  usb_config.o
    0x08001a3c   0x00000030   Code   RO         3652    i.FLASH_read        flash.o
    0x08001a6c   0x000001ac   Code   RO         3996    i.FlightPidControl  control.o
    0x08001c18   0x00000278   Code   RO         3997    i.FlowPidControl    control.o
    0x08001e90   0x00000116   Code   RO         1555    i.GPIO_Init         stm32f10x_gpio.o
    0x08001fa6   0x00000004   Code   RO         1562    i.GPIO_ResetBits    stm32f10x_gpio.o
    0x08001faa   0x00000004   Code   RO         1563    i.GPIO_SetBits      stm32f10x_gpio.o
    0x08001fae   0x00000002   PAD
    0x08001fb0   0x00000774   Code   RO         4165    i.GetAngle          imu.o
    0x08002724   0x00000020   Code   RO         4553    i.GetEPRxAddr       usb_regs.o
    0x08002744   0x00000020   Code   RO         4556    i.GetEPTxAddr       usb_regs.o
    0x08002764   0x00000024   Code   RO         4166    i.GetNormAccz       imu.o
    0x08002788   0x0000002c   Code   RO          296    i.GetSysTime_us     delay.o
    0x080027b4   0x00000048   Code   RO         4895    i.Get_SerialNum     usb_config.o
    0x080027fc   0x00000004   Code   RO          112    i.HardFault_Handler  stm32f10x_it.o
    0x08002800   0x000002fc   Code   RO         3998    i.HeightPidControl  control.o
    0x08002afc   0x000000cc   Code   RO         3380    i.I2c_Ack           iic_software.o
    0x08002bc8   0x000000cc   Code   RO         3381    i.I2c_NoAck         iic_software.o
    0x08002c94   0x000000c0   Code   RO         3382    i.I2c_ReadByte      iic_software.o
    0x08002d54   0x000000c0   Code   RO         3383    i.I2c_SendByte      iic_software.o
    0x08002e14   0x00000094   Code   RO         3384    i.I2c_Start         iic_software.o
    0x08002ea8   0x0000009c   Code   RO         3385    i.I2c_Stop          iic_software.o
    0x08002f44   0x000000b4   Code   RO         3386    i.I2c_WaitAck       iic_software.o
    0x08002ff8   0x0000002c   Code   RO         3387    i.IIC_Init          iic_software.o
    0x08003024   0x00000064   Code   RO         3388    i.IIC_Read_One_Byte  iic_software.o
    0x08003088   0x00000044   Code   RO         3390    i.IIC_Write_One_Byte  iic_software.o
    0x080030cc   0x0000008c   Code   RO         3391    i.IIC_read_Bytes    iic_software.o
    0x08003158   0x00000070   Code   RO         4320    i.In0_Process       usb_core.o
    0x080031c8   0x00000020   Code   RO         4896    i.Leave_LowPowerMode  usb_config.o
    0x080031e8   0x00000004   Code   RO          113    i.MemManage_Handler  stm32f10x_it.o
    0x080031ec   0x00000304   Code   RO         3999    i.MotorControl      control.o
    0x080034f0   0x000000f4   Code   RO         3769    i.MpuGetData        mpu6050.o
    0x080035e4   0x00000084   Code   RO         3771    i.MpuInit           mpu6050.o
    0x08003668   0x00000002   Code   RO          114    i.NMI_Handler       stm32f10x_it.o
    0x0800366a   0x00000002   Code   RO         4321    i.NOP_Process       usb_core.o
    0x0800366c   0x0000004c   Code   RO         3694    i.NRF24L01_Check    nrf24l01.o
    0x080036b8   0x0000006c   Code   RO         3695    i.NRF24L01_Configuration  nrf24l01.o
    0x08003724   0x00000044   Code   RO         3696    i.NRF24L01_Read_Buf  nrf24l01.o
    0x08003768   0x0000002c   Code   RO         3697    i.NRF24L01_Read_Reg  nrf24l01.o
    0x08003794   0x00000034   Code   RO         3698    i.NRF24L01_RxPacket  nrf24l01.o
    0x080037c8   0x00000044   Code   RO         3700    i.NRF24L01_Write_Buf  nrf24l01.o
    0x0800380c   0x00000030   Code   RO         3701    i.NRF24L01_Write_Reg  nrf24l01.o
    0x0800383c   0x00000016   Code   RO         3702    i.NRF24L01_init     nrf24l01.o
    0x08003852   0x00000002   PAD
    0x08003854   0x00000070   Code   RO          386    i.NVIC_Init         misc.o
    0x080038c4   0x00000014   Code   RO          387    i.NVIC_PriorityGroupConfig  misc.o
    0x080038d8   0x00000144   Code   RO         4322    i.NoData_Setup0     usb_core.o
    0x08003a1c   0x00000050   Code   RO         4323    i.Out0_Process      usb_core.o
    0x08003a6c   0x00000028   Code   RO         4516    i.PMAToUserBufferCopy  usb_mem.o
    0x08003a94   0x00000002   Code   RO          115    i.PendSV_Handler    stm32f10x_it.o
    0x08003a96   0x00000002   PAD
    0x08003a98   0x0000011c   Code   RO         3676    i.PilotLED          led.o
    0x08003bb4   0x00000048   Code   RO         4324    i.Post0_Process     usb_core.o
    0x08003bfc   0x00000040   Code   RO         5135    i.PowerOn           usb_pwr.o
    0x08003c3c   0x00000050   Code   RO         4193    i.Q_rsqrt           mymath.o
    0x08003c8c   0x00000020   Code   RO         1977    i.RCC_APB1PeriphClockCmd  stm32f10x_rcc.o
    0x08003cac   0x00000020   Code   RO         1979    i.RCC_APB2PeriphClockCmd  stm32f10x_rcc.o
    0x08003ccc   0x000000d4   Code   RO         1987    i.RCC_GetClocksFreq  stm32f10x_rcc.o
    0x08003da0   0x0000000c   Code   RO         2005    i.RCC_USBCLKConfig  stm32f10x_rcc.o
    0x08003dac   0x00000324   Code   RO         3968    i.RC_Analy          remote.o
    0x080040d0   0x00000058   Code   RO         3703    i.RX_Mode           nrf24l01.o
    0x08004128   0x000000b0   Code   RO         5136    i.Resume            usb_pwr.o
    0x080041d8   0x00000024   Code   RO         5137    i.Resume_Init       usb_pwr.o
    0x080041fc   0x0000006c   Code   RO         3557    i.SPI_Config        spi.o
    0x08004268   0x00000064   Code   RO         3558    i.SPI_RW            spi.o
    0x080042cc   0x00000002   Code   RO          116    i.SVC_Handler       stm32f10x_it.o
    0x080042ce   0x00000002   PAD
    0x080042d0   0x00000010   Code   RO         4564    i.SetBTABLE         usb_regs.o
    0x080042e0   0x0000004c   Code   RO         4325    i.SetDeviceAddress  usb_core.o
    0x0800432c   0x00000024   Code   RO         4578    i.SetEPRxAddr       usb_regs.o
    0x08004350   0x0000004c   Code   RO         4579    i.SetEPRxCount      usb_regs.o
    0x0800439c   0x00000038   Code   RO         4580    i.SetEPRxStatus     usb_regs.o
    0x080043d4   0x0000002c   Code   RO         4581    i.SetEPRxValid      usb_regs.o
    0x08004400   0x00000020   Code   RO         4582    i.SetEPTxAddr       usb_regs.o
    0x08004420   0x0000001c   Code   RO         4583    i.SetEPTxCount      usb_regs.o
    0x0800443c   0x00000038   Code   RO         4584    i.SetEPTxStatus     usb_regs.o
    0x08004474   0x0000002c   Code   RO         4585    i.SetEPTxValid      usb_regs.o
    0x080044a0   0x00000024   Code   RO         4586    i.SetEPType         usb_regs.o
    0x080044c4   0x00000008   Code   RO           17    i.SetSysClock       system_stm32f10x.o
    0x080044cc   0x000000e0   Code   RO           18    i.SetSysClockTo72   system_stm32f10x.o
    0x080045ac   0x00000012   Code   RO         4897    i.Set_USBClock      usb_config.o
    0x080045be   0x00000002   PAD
    0x080045c0   0x000000b0   Code   RO         4326    i.Setup0_Process    usb_core.o
    0x08004670   0x0000015c   Code   RO         4327    i.Standard_ClearFeature  usb_core.o
    0x080047cc   0x0000002c   Code   RO         4328    i.Standard_GetConfiguration  usb_core.o
    0x080047f8   0x00000024   Code   RO         4329    i.Standard_GetDescriptorData  usb_core.o
    0x0800481c   0x0000002c   Code   RO         4330    i.Standard_GetInterface  usb_core.o
    0x08004848   0x000000f0   Code   RO         4331    i.Standard_GetStatus  usb_core.o
    0x08004938   0x00000048   Code   RO         4332    i.Standard_SetConfiguration  usb_core.o
    0x08004980   0x00000028   Code   RO         4333    i.Standard_SetDeviceFeature  usb_core.o
    0x080049a8   0x000000c0   Code   RO         4334    i.Standard_SetEndPointFeature  usb_core.o
    0x08004a68   0x0000006c   Code   RO         4335    i.Standard_SetInterface  usb_core.o
    0x08004ad4   0x00000028   Code   RO         5138    i.Suspend           usb_pwr.o
    0x08004afc   0x00000010   Code   RO          297    i.SysTick_Handler   delay.o
    0x08004b0c   0x00000060   Code   RO           20    i.SystemInit        system_stm32f10x.o
    0x08004b6c   0x00000064   Code   RO         3506    i.TIM1_Config       tim.o
    0x08004bd0   0x000000c4   Code   RO          344    i.TIM1_UP_IRQHandler  scheduler.o
    0x08004c94   0x000000c8   Code   RO         3507    i.TIM2_PWM_Config   tim.o
    0x08004d5c   0x000000e0   Code   RO         3508    i.TIM3_PWM_Config   tim.o
    0x08004e3c   0x00000018   Code   RO         2602    i.TIM_ARRPreloadConfig  stm32f10x_tim.o
    0x08004e54   0x00000006   Code   RO         2609    i.TIM_ClearITPendingBit  stm32f10x_tim.o
    0x08004e5a   0x00000018   Code   RO         2614    i.TIM_Cmd           stm32f10x_tim.o
    0x08004e72   0x00000022   Code   RO         2635    i.TIM_GetITStatus   stm32f10x_tim.o
    0x08004e94   0x00000012   Code   RO         2639    i.TIM_ITConfig      stm32f10x_tim.o
    0x08004ea6   0x00000002   PAD
    0x08004ea8   0x00000098   Code   RO         2643    i.TIM_OC1Init       stm32f10x_tim.o
    0x08004f40   0x00000012   Code   RO         2646    i.TIM_OC1PreloadConfig  stm32f10x_tim.o
    0x08004f52   0x00000002   PAD
    0x08004f54   0x000000a4   Code   RO         2648    i.TIM_OC2Init       stm32f10x_tim.o
    0x08004ff8   0x0000001a   Code   RO         2651    i.TIM_OC2PreloadConfig  stm32f10x_tim.o
    0x08005012   0x00000002   PAD
    0x08005014   0x000000a0   Code   RO         2653    i.TIM_OC3Init       stm32f10x_tim.o
    0x080050b4   0x00000012   Code   RO         2656    i.TIM_OC3PreloadConfig  stm32f10x_tim.o
    0x080050c6   0x00000002   PAD
    0x080050c8   0x0000007c   Code   RO         2658    i.TIM_OC4Init       stm32f10x_tim.o
    0x08005144   0x0000001a   Code   RO         2660    i.TIM_OC4PreloadConfig  stm32f10x_tim.o
    0x0800515e   0x00000002   PAD
    0x08005160   0x000000a4   Code   RO         2685    i.TIM_TimeBaseInit  stm32f10x_tim.o
    0x08005204   0x000000a4   Code   RO         3454    i.USART1_Config     usart.o
    0x080052a8   0x00000018   Code   RO         3150    i.USART_Cmd         stm32f10x_usart.o
    0x080052c0   0x0000004a   Code   RO         3156    i.USART_ITConfig    stm32f10x_usart.o
    0x0800530a   0x00000002   PAD
    0x0800530c   0x000000d8   Code   RO         3157    i.USART_Init        stm32f10x_usart.o
    0x080053e4   0x00000002   Code   RO         4898    i.USB_Cable_Config  usb_config.o
    0x080053e6   0x00000002   PAD
    0x080053e8   0x00000058   Code   RO         4899    i.USB_Connect       usb_config.o
    0x08005440   0x0000002c   Code   RO         3578    i.USB_HID_Init      usb_hid.o
    0x0800546c   0x0000003c   Code   RO         4463    i.USB_Init          usb_init.o
    0x080054a8   0x00000022   Code   RO         4901    i.USB_Interrupts_Config  usb_config.o
    0x080054ca   0x00000002   PAD
    0x080054cc   0x000000f8   Code   RO         5000    i.USB_Istr          usb_istr.o
    0x080055c4   0x00000008   Code   RO          117    i.USB_LP_CAN1_RX0_IRQHandler  stm32f10x_it.o
    0x080055cc   0x00000004   Code   RO          118    i.UsageFault_Handler  stm32f10x_it.o
    0x080055d0   0x0000002c   Code   RO         3579    i.Usb_Hid_Adddata   usb_hid.o
    0x080055fc   0x000001d0   Code   RO         3581    i.Usb_Hid_Send      usb_hid.o
    0x080057cc   0x00000038   Code   RO         4517    i.UserToPMABufferCopy  usb_mem.o
    0x08005804   0x00000028   Code   RO         5259    i.__ARM_fpclassify  m_ws.l(fpclassify.o)
    0x0800582c   0x00000026   Code   RO         5261    i.__ARM_fpclassifyf  m_ws.l(fpclassifyf.o)
    0x08005852   0x000000aa   Code   RO         5277    i.__kernel_poly     m_ws.l(poly.o)
    0x080058fc   0x00000006   Code   RO         5246    i.__mathlib_dbl_infnan  m_ws.l(dunder.o)
    0x08005902   0x0000000c   Code   RO         5248    i.__mathlib_dbl_invalid  m_ws.l(dunder.o)
    0x0800590e   0x00000002   PAD
    0x08005910   0x00000010   Code   RO         5251    i.__mathlib_dbl_underflow  m_ws.l(dunder.o)
    0x08005920   0x00000006   Code   RO         5264    i.__mathlib_flt_infnan  m_ws.l(funder.o)
    0x08005926   0x00000004   Code   RO         5265    i.__mathlib_flt_infnan2  m_ws.l(funder.o)
    0x0800592a   0x00000008   Code   RO         5266    i.__mathlib_flt_invalid  m_ws.l(funder.o)
    0x08005932   0x0000000a   Code   RO         5269    i.__mathlib_flt_underflow  m_ws.l(funder.o)
    0x0800593c   0x00000168   Code   RO         5279    i.__mathlib_rredf2  m_ws.l(rredf.o)
    0x08005aa4   0x0000000e   Code   RO         5348    i.__scatterload_copy  mc_w.l(handlers.o)
    0x08005ab2   0x00000002   Code   RO         5349    i.__scatterload_null  mc_w.l(handlers.o)
    0x08005ab4   0x0000000e   Code   RO         5350    i.__scatterload_zeroinit  mc_w.l(handlers.o)
    0x08005ac2   0x00000002   PAD
    0x08005ac4   0x0000000c   Code   RO         5318    i.__set_errno       mc_w.l(errno.o)
    0x08005ad0   0x00000270   Code   RO         5177    i.asin              m_ws.l(asin.o)
    0x08005d40   0x0000025c   Code   RO         5195    i.atan2f            m_ws.l(atan2f.o)
    0x08005f9c   0x00000060   Code   RO          298    i.cycleCounterInit  delay.o
    0x08005ffc   0x00000022   Code   RO          299    i.delay_ms          delay.o
    0x0800601e   0x00000002   PAD
    0x08006020   0x000002e4   Code   RO         3885    i.flow_data_sins    flow.o
    0x08006304   0x000000b4   Code   RO         3886    i.flow_get_data     flow.o
    0x080063b8   0x00000058   Code   RO         4097    i.kalman_1          kalman.o
    0x08006410   0x00000078   Code   RO          187    i.main              main.o
    0x08006488   0x00000032   Code   RO         4291    i.pidRest           pid.o
    0x080064ba   0x00000072   Code   RO         4292    i.pidUpdate         pid.o
    0x0800652c   0x000000d4   Code   RO          362    i.pid_param_Init    init.o
    0x08006600   0x000001e4   Code   RO         3969    i.remote_unlock     remote.o
    0x080067e4   0x0000004c   Code   RO         5283    i.sqrt              m_ws.l(sqrt.o)
    0x08006830   0x00000174   Code   RO         5203    i.tanf              m_ws.l(tanf.o)
    0x080069a4   0x0000000a   Data   RO         3704    .constdata          nrf24l01.o
    0x080069ae   0x00000002   PAD
    0x080069b0   0x00000018   Data   RO         4206    .constdata          mymath.o
    0x080069c8   0x00000086   Data   RO         4963    .constdata          usb_desc.o
    0x08006a4e   0x00000002   PAD
    0x08006a50   0x00000050   Data   RO         5178    .constdata          m_ws.l(asin.o)
    0x08006aa0   0x00000020   Data   RO         5280    .constdata          m_ws.l(rredf.o)
    0x08006ac0   0x00000020   Data   RO         5346    Region$$Table       anon$$obj.o


    Execution Region RW_IRAM1 (Base: 0x20000000, Size: 0x00000b70, Max: 0x00005000, ABSOLUTE, COMPRESSED[0x00000100])

    Base Addr    Size         Type   Attr      Idx    E Section Name        Object

    0x20000000   0x00000014   Data   RW           21    .data               system_stm32f10x.o
    0x20000014   0x00000003   Data   RW          345    .data               scheduler.o
    0x20000017   0x00000001   PAD
    0x20000018   0x0000000e   Data   RW          364    .data               init.o
    0x20000026   0x00000014   Data   RW         2007    .data               stm32f10x_rcc.o
    0x2000003a   0x00000005   Data   RW         3583    .data               usb_hid.o
    0x2000003f   0x00000001   PAD
    0x20000040   0x0000000e   Data   RW         3654    .data               flash.o
    0x2000004e   0x00000002   PAD
    0x20000050   0x00000008   Data   RW         3677    .data               led.o
    0x20000058   0x0000004c   Data   RW         3774    .data               mpu6050.o
    0x200000a4   0x00000047   Data   RW         3888    .data               flow.o
    0x200000eb   0x00000001   PAD
    0x200000ec   0x00000004   Data   RW         3919    .data               ano_dt.o
    0x200000f0   0x00000013   Data   RW         3971    .data               remote.o
    0x20000103   0x00000001   PAD
    0x20000104   0x00000054   Data   RW         4000    .data               control.o
    0x20000158   0x00000034   Data   RW         4168    .data               imu.o
    0x2000018c   0x00000003   Data   RW         4336    .data               usb_core.o
    0x2000018f   0x00000001   PAD
    0x20000190   0x00000014   Data   RW         4465    .data               usb_init.o
    0x200001a4   0x00000004   Data   RW         4488    .data               usb_int.o
    0x200001a8   0x0000001a   Data   RW         4964    .data               usb_desc.o
    0x200001c2   0x00000002   PAD
    0x200001c4   0x0000003c   Data   RW         5001    .data               usb_istr.o
    0x20000200   0x0000009c   Data   RW         5037    .data               usb_prop.o
    0x2000029c   0x00000007   Data   RW         5139    .data               usb_pwr.o
    0x200002a3   0x00000001   PAD
    0x200002a4   0x00000004   Data   RW         5319    .data               mc_w.l(errno.o)
    0x200002a8   0x000002a0   Zero   RW          363    .bss                init.o
    0x20000548   0x00000140   Zero   RW         3582    .bss                usb_hid.o
    0x20000688   0x00000018   Zero   RW         3773    .bss                mpu6050.o
    0x200006a0   0x00000010   Zero   RW         3887    .bss                flow.o
    0x200006b0   0x00000036   Zero   RW         3918    .bss                ano_dt.o
    0x200006e6   0x00000020   Zero   RW         3970    .bss                remote.o
    0x20000706   0x00000002   PAD
    0x20000708   0x0000000c   Zero   RW         4167    .bss                imu.o
    0x20000714   0x0000001c   Zero   RW         4464    .bss                usb_init.o
    0x20000730   0x00000040   Zero   RW         4978    .bss                usb_endp.o
    0x20000770   0x00000400   Zero   RW          103    STACK               startup_stm32f10x_md.o


==============================================================================

Image component sizes


      Code (inc. data)   RO Data    RW Data    ZI Data      Debug   Object Name

      1400        114          0          4         54       3810   ano_dt.o
      2596        294          0         84          0       4884   control.o
         0          0          0          0          0       4528   core_cm3.o
       190         26          0          0          0       2316   delay.o
        48          8          0         14          0       1507   flash.o
       920        112          0         71         16       3482   flow.o
      1628         38          0          0          0       8681   iic_software.o
      1944         60          0         52         12       2633   imu.o
       260         90          0         14        672       3731   init.o
        88          0          0          0          0       1787   kalman.o
       284         20          0          8          0       2617   led.o
       120         12          0          0          0     219438   main.o
       132         22          0          0          0       1671   misc.o
       376         28          0         76         24       5254   mpu6050.o
        80          6         24          0          0       1097   mymath.o
       574         46         10          0          0       7334   nrf24l01.o
       164          0          0          0          0       1630   pid.o
      1288         96          0         19         32       3064   remote.o
       196         44          0          3          0        697   scheduler.o
       208         10          0          0          0       1242   spi.o
        36          8        236          0       1024        844   startup_stm32f10x_md.o
       286          0          0          0          0       3212   stm32f10x_gpio.o
        32          0          0          0          0       4649   stm32f10x_it.o
       288         38          0         20          0       5261   stm32f10x_rcc.o
       958         92          0          0          0      10021   stm32f10x_tim.o
       314          6          0          0          0       3846   stm32f10x_usart.o
       328         28          0         20          0      52737   system_stm32f10x.o
       524         26          0          0          0       2094   tim.o
       164         10          0          0          0        724   usart.o
       258         34          0          0          0       4610   usb_config.o
      3010        288          0          3          0      18283   usb_core.o
         0          0        134         26          0       1196   usb_desc.o
        60         12          0          0         64       1845   usb_endp.o
       552         40          0          5        320       5898   usb_hid.o
        60         24          0         20         28       4286   usb_init.o
       808         34          0          4          0       1785   usb_int.o
       248         26          0         60          0       1532   usb_istr.o
        96         10          0          0          0       1896   usb_mem.o
       654        116          0        156          0      13733   usb_prop.o
       316         38          0          7          0       3934   usb_pwr.o
       636         96          0          0          0      10012   usb_regs.o

    ----------------------------------------------------------------------
     22156       1952        440        676       2248     433801   Object Totals
         0          0         32          0          0          0   (incl. Generated)
        32          0          4         10          2          0   (incl. Padding)

    ----------------------------------------------------------------------

      Code (inc. data)   RO Data    RW Data    ZI Data      Debug   Library Member Name

       624         52         80          0          0        168   asin.o
       604         76          0          0          0        116   atan2f.o
        34          6          0          0          0        204   dunder.o
        40          0          0          0          0         68   fpclassify.o
        38          0          0          0          0         68   fpclassifyf.o
        28          0          0          0          0        272   funder.o
       170          0          0          0          0         96   poly.o
       360         16         32          0          0         88   rredf.o
        76          0          0          0          0         84   sqrt.o
       372         58          0          0          0        124   tanf.o
        86          0          0          0          0          0   __dczerorl2.o
         0          0          0          0          0          0   entry.o
         0          0          0          0          0          0   entry10a.o
         0          0          0          0          0          0   entry11a.o
         8          4          0          0          0          0   entry2.o
         4          0          0          0          0          0   entry5.o
         0          0          0          0          0          0   entry7b.o
         0          0          0          0          0          0   entry8b.o
         8          4          0          0          0          0   entry9a.o
        12          6          0          4          0         68   errno.o
        30          0          0          0          0          0   handlers.o
        36          8          0          0          0         68   init.o
         0          0          0          0          0          0   iusefp.o
        30          0          0          0          0         68   llshl.o
        36          0          0          0          0         68   llsshr.o
        32          0          0          0          0         68   llushr.o
        20          0          0          0          0         68   cfcmple.o
        20          0          0          0          0         68   cfrcmple.o
        56          0          0          0          0         88   d2f.o
       334          0          0          0          0        148   dadd.o
       222          0          0          0          0        100   ddiv.o
       186          0          0          0          0        176   depilogue.o
        34          0          0          0          0         76   dflti.o
       228          0          0          0          0         96   dmul.o
        46          0          0          0          0         80   dscalb.o
       162          0          0          0          0        100   dsqrt.o
        38          0          0          0          0         68   f2d.o
       176          0          0          0          0        140   fadd.o
       124          0          0          0          0         88   fdiv.o
       110          0          0          0          0        168   fepilogue.o
        50          0          0          0          0         68   ffixi.o
        18          0          0          0          0         68   fflti.o
        10          0          0          0          0         68   ffltui.o
       100          0          0          0          0         76   fmul.o
        60          0          0          0          0         76   frnd.o
        24          0          0          0          0         68   fscalb.o

    ----------------------------------------------------------------------
      4652        230        112          4          0       3516   Library Totals
         6          0          0          0          0          0   (incl. Padding)

    ----------------------------------------------------------------------

      Code (inc. data)   RO Data    RW Data    ZI Data      Debug   Library Name

      2346        208        112          0          0       1288   m_ws.l
       282         22          0          4          0        340   mc_w.l
      2018          0          0          0          0       1888   mf_w.l

    ----------------------------------------------------------------------
      4652        230        112          4          0       3516   Library Totals

    ----------------------------------------------------------------------

==============================================================================


      Code (inc. data)   RO Data    RW Data    ZI Data      Debug   

     26808       2182        552        680       2248     427305   Grand Totals
     26808       2182        552        256       2248     427305   ELF Image Totals (compressed)
     26808       2182        552        256          0          0   ROM Totals

==============================================================================

    Total RO  Size (Code + RO Data)                27360 (  26.72kB)
    Total RW  Size (RW Data + ZI Data)              2928 (   2.86kB)
    Total ROM Size (Code + RO Data + RW Data)      27616 (  26.97kB)

==============================================================================

