<html>
<body>
<pre>
<h1>礦ision Build Log</h1>
<h2>Tool Versions:</h2>
IDE-Version: μVision V5.14.0.0
Copyright (C) 2015 ARM Ltd and ARM Germany GmbH. All rights reserved.
License Information: zin zin, zin, LIC=JDARA-1GB1A-MQ60F-6700A-AKND5-Q2BTN
 
Tool Versions:
Toolchain:       MDK-ARM Professional  Version: 5.14.0.0
Toolchain Path:  E:\keil 5\ARM\ARMCC\Bin
C Compiler:      Armcc.exe V5.05 update 1 (build 106)
Assembler:       Armasm.exe V5.05 update 1 (build 106)
Linker/Locator:  ArmLink.exe V5.05 update 1 (build 106)
Library Manager: ArmAr.exe V5.05 update 1 (build 106)
Hex Converter:   FromElf.exe V5.05 update 1 (build 106)
CPU DLL:         SARMCM3.DLL V5.14.0.0
Dialog DLL:      DCM.DLL V1.13.1.0
Target DLL:      Segger\JL2CM3.dll V2.99.13.0
Dialog DLL:      TCM.DLL V1.14.4.0
 
<h2>Project:</h2>
F:\产品\A小四轴\ZIN-7\ZIN7改进版\程序\上架\遥控程序\20221120遥控左手油门程序模拟SPI小遥控1\remote.uvprojx
Project File Date:  03/05/2023

<h2>Output:</h2>
Build target 'Target 1'
compiling core_cm3.c...
compiling stm32f10x_it.c...
compiling system_stm32f10x.c...
StartUp\system_stm32f10x.c(459): warning:  #177-D: function "SetSysClock" was declared but never referenced
  static void SetSysClock(void)
StartUp\system_stm32f10x.c: 1 warning, 0 errors
compiling main.c...
compiling delay.c...
compiling sys.c...
compiling misc.c...
compiling stm32f10x_adc.c...
compiling stm32f10x_bkp.c...
compiling stm32f10x_can.c...
compiling stm32f10x_cec.c...
compiling stm32f10x_crc.c...
compiling stm32f10x_dac.c...
compiling stm32f10x_dbgmcu.c...
compiling stm32f10x_dma.c...
compiling stm32f10x_exti.c...
compiling stm32f10x_flash.c...
compiling stm32f10x_fsmc.c...
compiling stm32f10x_gpio.c...
compiling stm32f10x_i2c.c...
compiling stm32f10x_iwdg.c...
compiling stm32f10x_pwr.c...
compiling stm32f10x_rcc.c...
compiling stm32f10x_rtc.c...
compiling stm32f10x_sdio.c...
compiling stm32f10x_spi.c...
compiling stm32f10x_tim.c...
compiling stm32f10x_usart.c...
compiling stm32f10x_wwdg.c...
compiling ADC_DMA_Config.c...
compiling TIM.c...
compiling Spi.c...
compiling IIC_SOFTWARE.c...
compiling EEPROM.c...
compiling nrf24l01.c...
compiling remote.c...
linking...
Program Size: Code=8214 RO-data=278 RW-data=104 ZI-data=1648  
FromELF: creating hex file...
".\Objects\remote.axf" - 0 Error(s), 1 Warning(s).

<h2>Collection of Component include folders:</h2>
  F:\产品\A小四轴\ZIN-7\ZIN7改进版\程序\上架\遥控程序\20221120遥控左手油门程序模拟SPI小遥控1\RTE
  E:\keil 5\ARM\PACK\Keil\STM32F1xx_DFP\2.1.0

<h2>Collection of Component Files used:</h2>
</pre>
</body>
</html>
